################################################################################
#                                                                              #
#      IAR Universal Linker V6.5.0.91                                          #
#                                                                              #
#           Link time     =  04/Apr/2018  11:54:25                             #
#           Target CPU    =  A90                                               #
#           List file     =  "C:\Users\y_bykovtsev\Desktop\CNV2_project\CNV2(M #
#                            CU) v0.9.12\CNV2\Debug\List\CNV2.map"             #
#           Output file 1 =  "C:\Users\y_bykovtsev\Desktop\CNV2_project\CNV2(M #
#                            CU) v0.9.12\CNV2\Debug\Exe\CNV2.hex"              #
#                            Format: intel-standard                            #
#           Command line  =  -f                                                #
#                            C:\Users\Y_BYKO~1\AppData\Local\Temp\EW74D1.tmp   #
#                            ("C:\Users\y_bykovtsev\Desktop\CNV2_project\CNV2( #
#                            MCU) v0.9.12\CNV2\Debug\Obj\main.r90"             #
#                            -o                                                #
#                            "C:\Users\y_bykovtsev\Desktop\CNV2_project\CNV2(M #
#                            CU) v0.9.12\CNV2\Debug\Exe\CNV2.hex"              #
#                            -Fintel-standard -l                               #
#                            "C:\Users\y_bykovtsev\Desktop\CNV2_project\CNV2(M #
#                            CU) v0.9.12\CNV2\Debug\List\CNV2.map"             #
#                            -xms                                              #
#                            "-IC:\Program Files (x86)\IAR Systems\Embedded Wo #
#                            rkbench 8.0\avr\LIB\"                             #
#                            -f                                                #
#                            "C:\Program Files (x86)\IAR Systems\Embedded Work #
#                            bench 8.0\avr\src\template\cfgcan128.xcl"         #
#                            (-D_..X_INTVEC_SIZE=94 -D_..X_FLASH_END=1FFFF     #
#                            -D_..X_FLASH_NEND=FFFF -D_..X_SRAM_BASE=100       #
#                            -D_..X_SRAM_TBASE=0 -D_..X_SRAM_TSIZE=0           #
#                            -D_..X_SRAM_END=10FF -D_..X_EEPROM_START=0        #
#                            -D_..X_EEPROM_END=FFF) -D_..X_HEAP_SIZE=0         #
#                            -D_..X_TINY_HEAP_SIZE=0                           #
#                            -D_..X_NEAR_HEAP_SIZE=20 -D_..X_FAR_HEAP_SIZE=0   #
#                            -D_..X_HUGE_HEAP_SIZE=0 -D_..X_CSTACK_SIZE=20     #
#                            -D_..X_RSTACK_SIZE=20                             #
#                            -D_..X_FLASH_CODE_END=1FFFF -f                    #
#                            "C:\Program Files (x86)\IAR Systems\Embedded Work #
#                            bench 8.0\avr\src\template\cfg3soim.xcl"          #
#                            (-ca90 -w29                                       #
#                            -Z(CODE)INTVEC=0-(_..X_INTVEC_SIZE-1)             #
#                            -Z(CODE)TINY_F=_..X_FLASH_BASE-FF                 #
#                            -Z(CODE)NEAR_F=_..X_FLASH_BASE-_..X_FLASH_NEND    #
#                            -Z(CODE)SWITCH=_..X_FLASH_BASE-_..X_FLASH_NEND    #
#                            -Z(CODE)DIFUNCT=_..X_FLASH_BASE-_..X_FLASH_NEND   #
#                            -Z(CODE)CODE=_..X_FLASH_BASE-_..X_FLASH_END       #
#                            -P(CODE)FAR_F=[_..X_FLASH_BASE-_..X_FLASH_END]/10 #
#                            000                                               #
#                            -Z(CODE)INITTAB=_..X_FLASH_BASE-_..X_FLASH_END    #
#                            -Z(CODE)HUGE_F=_..X_FLASH_BASE-_..X_FLASH_END     #
#                            -Z(CODE)TINY_ID=_..X_FLASH_BASE-_..X_FLASH_END    #
#                            -Z(CODE)NEAR_ID=_..X_FLASH_BASE-_..X_FLASH_END    #
#                            -Z(CODE)CHECKSUM#_..X_FLASH_END                   #
#                            -Z(DATA)TINY_I,TINY_Z,TINY_N=_..X_SRAM_TBASE:+_.. #
#                            X_SRAM_TSIZE                                      #
#                            -Z(DATA)CSTACK+_..X_CSTACK_SIZE=_..X_CSTACK_BASE- #
#                            _..X_CSTACK_END                                   #
#                            -Z(DATA)HEAP+_..X_HEAP_SIZE=_..X_SRAM_BASE-_..X_S #
#                            RAM_END                                           #
#                            -Z(DATA)IOSTREAM_N#_..X_SRAM_BASE-_..X_SRAM_END   #
#                            -Z(DATA)NEAR_HEAP+_..X_NEAR_HEAP_SIZE=_..X_SRAM_B #
#                            ASE-_..X_SRAM_END                                 #
#                            -Z(DATA)RSTACK+_..X_RSTACK_SIZE=_..X_RSTACK_BASE- #
#                            _..X_RSTACK_END                                   #
#                            -Z(DATA)NEAR_I,NEAR_Z,NEAR_N=_..X_SRAM_BASE-_..X_ #
#                            SRAM_END                                          #
#                            -Z(XDATA)EEPROM_I,EEPROM_N=_..X_EEPROM_START-_..X #
#                            _EEPROM_END)                                      #
#                            -D_..X_FLASH_BASE=_..X_INTVEC_SIZE -H1895         #
#                            -h(CODE)0-(_..X_INTVEC_SIZE-1)                    #
#                            -D_..X_EXT_SRAM_BASE=_..X_SRAM_END                #
#                            -D_..X_EXT_SRAM_SIZE=0                            #
#                            -D_..X_EXT_ROM_BASE=_..X_SRAM_END                 #
#                            -D_..X_EXT_ROM_SIZE=0                             #
#                            -D_..X_EXT_NV_BASE=_..X_SRAM_END                  #
#                            -D_..X_EXT_NV_SIZE=0                              #
#                            -D_..X_CSTACK_BASE=_..X_SRAM_BASE                 #
#                            -D_..X_CSTACK_END=_..X_SRAM_END                   #
#                            -D_..X_RSTACK_BASE=_..X_SRAM_BASE                 #
#                            -D_..X_RSTACK_END=_..X_SRAM_END -s                #
#                            __program_start                                   #
#                            "C:\Program Files (x86)\IAR Systems\Embedded Work #
#                            bench 8.0\avr\LIB\DLIB\dlAVR-3s-ec_mul-n.r90")    #
#                                                                              #
#                           Copyright (C) 1987-2016 IAR Systems AB.            #
################################################################################





                ****************************************
                *                                      *
                *           CROSS REFERENCE            *
                *                                      *
                ****************************************

       Program entry at : CODE      0000082A  Relocatable, from module : ?C_STARTUP




                ****************************************
                *                                      *
                *            RUNTIME MODEL             *
                *                                      *
                ****************************************

  R10                        = REG
  R11                        = REG
  R4                         = REG
  R5                         = REG
  R6                         = REG
  R7                         = REG
  R8                         = REG
  R9                         = REG
  __64bit_doubles            = disabled
  __Heap_Handler             = Basic
  __SystemLibrary            = DLib
  __cpu                      = 3
  __cpu_name                 = AT90CAN128
  __dlib_file_descriptor     = 0
  __dlib_full_locale_support = 0
  __enhanced_core            = enabled
  __has_elpm                 = true
  __memory_model             = 2
  __no_rampd                 = enabled
  __rt_version               = 3
  __tiny_avr                 = false
  __vtable_memory            = __nearflash

                ****************************************
                *                                      *
                *    AUTOMATIC SYMBOL REDIRECTIONS     *
                *                                      *
                ****************************************

                  There are no automatic symbol redirections.



                ****************************************
                *                                      *
                *              MODULE MAP              *
                *                                      *
                ****************************************


  DEFINED ABSOLUTE ENTRIES
  PROGRAM MODULE, NAME : ?ABS_ENTRY_MOD

Absolute parts
           ENTRY                   ADDRESS         REF BY
           =====                   =======         ======
           _..X_RSTACK_END         000010FF 
           _..X_RSTACK_BASE        00000100 
           _..X_CSTACK_END         000010FF 
           _..X_CSTACK_BASE        00000100 
           _..X_EXT_NV_SIZE        00000000 
           _..X_EXT_NV_BASE        000010FF 
           _..X_EXT_ROM_SIZE       00000000 
           _..X_EXT_ROM_BASE       000010FF 
           _..X_EXT_SRAM_SIZE      00000000 
           _..X_EXT_SRAM_BASE      000010FF 
           _..X_FLASH_BASE         00000094 
           _..X_FLASH_CODE_END     0001FFFF 
           _..X_RSTACK_SIZE        00000020 
           _..X_CSTACK_SIZE        00000020 
           _..X_HUGE_HEAP_SIZE     00000000 
           _..X_FAR_HEAP_SIZE      00000000 
           _..X_NEAR_HEAP_SIZE     00000020 
           _..X_TINY_HEAP_SIZE     00000000 
           _..X_HEAP_SIZE          00000000 
           _..X_EEPROM_END         00000FFF 
           _..X_EEPROM_START       00000000 
           _..X_SRAM_END           000010FF 
           _..X_SRAM_TSIZE         00000000 
           _..X_SRAM_TBASE         00000000 
           _..X_SRAM_BASE          00000100 
           _..X_FLASH_NEND         0000FFFF 
           _..X_FLASH_END          0001FFFF 
           _..X_INTVEC_SIZE        00000094 
    *************************************************************************

  FILE NAME : C:\Users\y_bykovtsev\Desktop\CNV2_project\CNV2(MCU) v0.9.12\CNV2\Debug\Obj\main.r90
  PROGRAM MODULE, NAME : main

  SEGMENTS IN THE MODULE
  ======================
NEAR_I
  Relative segment, address: DATA 00000140 - 00000147 (0x8 bytes), align: 0
  Segment part 31.            Intra module refs:   all_registers_transmit_timeout
                                                   register_transmist_timeout
    -------------------------------------------------------------------------
NEAR_I
  Relative segment, address: DATA 00000148 - 0000014B (0x4 bytes), align: 0
  Segment part 34.            Intra module refs:   main
    -------------------------------------------------------------------------
NEAR_I
  Relative segment, address: DATA 0000014C - 00000153 (0x8 bytes), align: 0
  Segment part 36.            Intra module refs:   main
    -------------------------------------------------------------------------
NEAR_I
  Relative segment, address: DATA 00000154 - 00000158 (0x5 bytes), align: 0
  Segment part 38.            Intra module refs:   main
    -------------------------------------------------------------------------
NEAR_I
  Relative segment, address: DATA 00000159 - 0000015D (0x5 bytes), align: 0
  Segment part 40.            Intra module refs:   main
    -------------------------------------------------------------------------
NEAR_I
  Relative segment, address: DATA 0000015E - 00000161 (0x4 bytes), align: 0
  Segment part 42.            Intra module refs:   main
           ENTRY                   ADDRESS         REF BY
           =====                   =======         ======
           R0                      0000015E 
    -------------------------------------------------------------------------
NEAR_I
  Relative segment, address: DATA 00000162 - 00000165 (0x4 bytes), align: 0
  Segment part 44.            Intra module refs:   main
           ENTRY                   ADDRESS         REF BY
           =====                   =======         ======
           R1                      00000162 
    -------------------------------------------------------------------------
NEAR_I
  Relative segment, address: DATA 00000166 - 00000169 (0x4 bytes), align: 0
  Segment part 46.            Intra module refs:   main
           ENTRY                   ADDRESS         REF BY
           =====                   =======         ======
           R2                      00000166 
    -------------------------------------------------------------------------
NEAR_I
  Relative segment, address: DATA 0000016A - 0000016D (0x4 bytes), align: 0
  Segment part 48.            Intra module refs:   main
           ENTRY                   ADDRESS         REF BY
           =====                   =======         ======
           R3                      0000016A 
    -------------------------------------------------------------------------
NEAR_I
  Relative segment, address: DATA 0000016E - 00000171 (0x4 bytes), align: 0
  Segment part 50.            Intra module refs:   main
           ENTRY                   ADDRESS         REF BY
           =====                   =======         ======
           R4                      0000016E 
    -------------------------------------------------------------------------
NEAR_I
  Relative segment, address: DATA 00000172 - 00000175 (0x4 bytes), align: 0
  Segment part 52.            Intra module refs:   main
           ENTRY                   ADDRESS         REF BY
           =====                   =======         ======
           R5                      00000172 
    -------------------------------------------------------------------------
ABSOLUTE
  Relative segment, address: DATA 000000CE - 000000CE (0x1 bytes), align: 0
  Segment part 1. ROOT        Intra module refs:   UART_send_byte
                                                   receive_func
           ENTRY                   ADDRESS         REF BY
           =====                   =======         ======
           _A_UDR1                 000000CE 
           LOCAL                   ADDRESS         
           =====                   =======         
           UDR1                    000000CE 
    -------------------------------------------------------------------------
ABSOLUTE
  Relative segment, address: DATA 000000CC - 000000CD (0x2 bytes), align: 0
  Segment part 2. ROOT        Intra module refs:   UART_init
           ENTRY                   ADDRESS         REF BY
           =====                   =======         ======
           _A_UBRR1                000000CC 
           LOCAL                   ADDRESS         
           =====                   =======         
           UBRR1                   000000CC 
           UBRR1H                  000000CD 
           UBRR1L                  000000CC 
    -------------------------------------------------------------------------
ABSOLUTE
  Relative segment, address: DATA 000000C9 - 000000C9 (0x1 bytes), align: 0
  Segment part 3. ROOT        Intra module refs:   UART_init
           ENTRY                   ADDRESS         REF BY
           =====                   =======         ======
           _A_UCSR1B               000000C9 
           LOCAL                   ADDRESS         
           =====                   =======         
           UCSR1B                  000000C9 
    -------------------------------------------------------------------------
ABSOLUTE
  Relative segment, address: DATA 000000C8 - 000000C8 (0x1 bytes), align: 0
  Segment part 4. ROOT        Intra module refs:   UART_send_byte
           ENTRY                   ADDRESS         REF BY
           =====                   =======         ======
           _A_UCSR1A               000000C8 
           LOCAL                   ADDRESS         
           =====                   =======         
           UCSR1A                  000000C8 
    -------------------------------------------------------------------------
ABSOLUTE
  Relative segment, address: DATA 00000088 - 00000089 (0x2 bytes), align: 0
  Segment part 5. ROOT        Intra module refs:   TIMER1_init
           ENTRY                   ADDRESS         REF BY
           =====                   =======         ======
           _A_OCR1A                00000088 
           LOCAL                   ADDRESS         
           =====                   =======         
           OCR1A                   00000088 
           OCR1AH                  00000089 
           OCR1AL                  00000088 
    -------------------------------------------------------------------------
ABSOLUTE
  Relative segment, address: DATA 00000084 - 00000085 (0x2 bytes), align: 0
  Segment part 6. ROOT        Intra module refs:   all_registers_transmit_timeout
                                                   main
           ENTRY                   ADDRESS         REF BY
           =====                   =======         ======
           _A_TCNT1                00000084 
           LOCAL                   ADDRESS         
           =====                   =======         
           TCNT1                   00000084 
           TCNT1H                  00000085 
           TCNT1L                  00000084 
    -------------------------------------------------------------------------
ABSOLUTE
  Relative segment, address: DATA 00000081 - 00000081 (0x1 bytes), align: 0
  Segment part 7. ROOT        Intra module refs:   TIMER1_init
                                                   all_registers_transmit_timeout
                                                   main
           ENTRY                   ADDRESS         REF BY
           =====                   =======         ======
           _A_TCCR1B               00000081 
           LOCAL                   ADDRESS         
           =====                   =======         
           TCCR1B                  00000081 
    -------------------------------------------------------------------------
ABSOLUTE
  Relative segment, address: DATA 0000006F - 0000006F (0x1 bytes), align: 0
  Segment part 8. ROOT        Intra module refs:   TIMER1_init
           ENTRY                   ADDRESS         REF BY
           =====                   =======         ======
           _A_TIMSK1               0000006F 
           LOCAL                   ADDRESS         
           =====                   =======         
           TIMSK1                  0000006F 
    -------------------------------------------------------------------------
ABSOLUTE
  Relative segment, address: DATA 0000006E - 0000006E (0x1 bytes), align: 0
  Segment part 9. ROOT        Intra module refs:   TIMER0_init
           ENTRY                   ADDRESS         REF BY
           =====                   =======         ======
           _A_TIMSK0               0000006E 
           LOCAL                   ADDRESS         
           =====                   =======         
           TIMSK0                  0000006E 
    -------------------------------------------------------------------------
ABSOLUTE
  Relative segment, address: DATA 0000004E - 0000004E (0x1 bytes), align: 0
  Segment part 10. ROOT       Intra module refs:   SPI_send_byte
           ENTRY                   ADDRESS         REF BY
           =====                   =======         ======
           _A_SPDR                 0000004E 
           LOCAL                   ADDRESS         
           =====                   =======         
           SPDR                    0000004E 
    -------------------------------------------------------------------------
ABSOLUTE
  Relative segment, address: DATA 0000004D - 0000004D (0x1 bytes), align: 0
  Segment part 11. ROOT       Intra module refs:   SPI_send_byte
           ENTRY                   ADDRESS         REF BY
           =====                   =======         ======
           _A_SPSR                 0000004D 
           LOCAL                   ADDRESS         
           =====                   =======         
           SPSR                    0000004D 
    -------------------------------------------------------------------------
ABSOLUTE
  Relative segment, address: DATA 0000004C - 0000004C (0x1 bytes), align: 0
  Segment part 12. ROOT       Intra module refs:   SPI_master_init
           ENTRY                   ADDRESS         REF BY
           =====                   =======         ======
           _A_SPCR                 0000004C 
           LOCAL                   ADDRESS         
           =====                   =======         
           SPCR                    0000004C 
    -------------------------------------------------------------------------
ABSOLUTE
  Relative segment, address: DATA 00000047 - 00000047 (0x1 bytes), align: 0
  Segment part 13. ROOT       Intra module refs:   TIMER0_init
           ENTRY                   ADDRESS         REF BY
           =====                   =======         ======
           _A_OCR0A                00000047 
           LOCAL                   ADDRESS         
           =====                   =======         
           OCR0A                   00000047 
    -------------------------------------------------------------------------
ABSOLUTE
  Relative segment, address: DATA 00000046 - 00000046 (0x1 bytes), align: 0
  Segment part 14. ROOT       Intra module refs:   receive_func
                                                   register_transmist_timeout
           ENTRY                   ADDRESS         REF BY
           =====                   =======         ======
           _A_TCNT0                00000046 
           LOCAL                   ADDRESS         
           =====                   =======         
           TCNT0                   00000046 
    -------------------------------------------------------------------------
ABSOLUTE
  Relative segment, address: DATA 00000044 - 00000044 (0x1 bytes), align: 0
  Segment part 15. ROOT       Intra module refs:   TIMER0_init
                                                   receive_func
                                                   register_transmist_timeout
           ENTRY                   ADDRESS         REF BY
           =====                   =======         ======
           _A_TCCR0A               00000044 
           LOCAL                   ADDRESS         
           =====                   =======         
           TCCR0A                  00000044 
    -------------------------------------------------------------------------
ABSOLUTE
  Relative segment, address: DATA 00000041 - 00000042 (0x2 bytes), align: 0
  Segment part 16. ROOT       Intra module refs:   EEPROM_read
                                                   EEPROM_write
           ENTRY                   ADDRESS         REF BY
           =====                   =======         ======
           _A_EEAR                 00000041 
           LOCAL                   ADDRESS         
           =====                   =======         
           EEAR                    00000041 
           EEARH                   00000042 
           EEARL                   00000041 
    -------------------------------------------------------------------------
ABSOLUTE
  Relative segment, address: DATA 00000040 - 00000040 (0x1 bytes), align: 0
  Segment part 17. ROOT       Intra module refs:   EEPROM_read
                                                   EEPROM_write
           ENTRY                   ADDRESS         REF BY
           =====                   =======         ======
           _A_EEDR                 00000040 
           LOCAL                   ADDRESS         
           =====                   =======         
           EEDR                    00000040 
    -------------------------------------------------------------------------
ABSOLUTE
  Relative segment, address: DATA 0000003F - 0000003F (0x1 bytes), align: 0
  Segment part 18. ROOT       Intra module refs:   EEPROM_read
                                                   EEPROM_write
           ENTRY                   ADDRESS         REF BY
           =====                   =======         ======
           _A_EECR                 0000003F 
           LOCAL                   ADDRESS         
           =====                   =======         
           EECR                    0000003F 
    -------------------------------------------------------------------------
ABSOLUTE
  Relative segment, address: DATA 00000025 - 00000025 (0x1 bytes), align: 0
  Segment part 19. ROOT       Intra module refs:   LD_init
                                                   LE_init
                                                   SPI_send_register
           ENTRY                   ADDRESS         REF BY
           =====                   =======         ======
           _A_PORTB                00000025 
           LOCAL                   ADDRESS         
           =====                   =======         
           PORTB                   00000025 
    -------------------------------------------------------------------------
ABSOLUTE
  Relative segment, address: DATA 00000024 - 00000024 (0x1 bytes), align: 0
  Segment part 20. ROOT       Intra module refs:   LE_init
                                                   SPI_master_init
           ENTRY                   ADDRESS         REF BY
           =====                   =======         ======
           _A_DDRB                 00000024 
           LOCAL                   ADDRESS         
           =====                   =======         
           DDRB                    00000024 
    -------------------------------------------------------------------------
ABSOLUTE
  Relative segment, address: DATA 00000023 - 00000023 (0x1 bytes), align: 0
  Segment part 21. ROOT       Intra module refs:   main
           ENTRY                   ADDRESS         REF BY
           =====                   =======         ======
           _A_PINB                 00000023 
           LOCAL                   ADDRESS         
           =====                   =======         
           PINB                    00000023 
    -------------------------------------------------------------------------
NEAR_Z
  Relative segment, address: DATA 00000183 - 0000018D (0xb bytes), align: 0
  Segment part 54.            Intra module refs:   UART_init
                                                   all_registers_transmit_timeout
                                                   get_data_ring
                                                   main
                                                   put_data_ring
                                                   register_transmist_timeout
           ENTRY                   ADDRESS         REF BY
           =====                   =======         ======
           uartRingBuff            00000183 
    -------------------------------------------------------------------------
NEAR_I
  Relative segment, address: DATA 00000176 - 00000182 (0xd bytes), align: 0
  Segment part 56.            Intra module refs:   all_registers_transmit_timeout
                                                   main
                                                   receive_func
                                                   register_transmist_timeout
           ENTRY                   ADDRESS         REF BY
           =====                   =======         ======
           uartTransmission        00000176 
    -------------------------------------------------------------------------
NEAR_Z
  Relative segment, address: DATA 0000018E - 000001A7 (0x1a bytes), align: 0
  Segment part 58.            Intra module refs:   all_registers_transmit_timeout
                                                   main
                                                   register_transmist_timeout
           ENTRY                   ADDRESS         REF BY
           =====                   =======         ======
           EEPROM                  0000018E 
    -------------------------------------------------------------------------
CODE
  Relative segment, address: CODE 00000094 - 000000A3 (0x10 bytes), align: 1
  Segment part 59.            Intra module refs:   UART_send_message
           ENTRY                   ADDRESS         REF BY
           =====                   =======         ======
           UART_send_byte          00000094 
    -------------------------------------------------------------------------
CODE
  Relative segment, address: CODE 000000A4 - 000000B5 (0x12 bytes), align: 1
  Segment part 60.            Intra module refs:   all_registers_transmit_timeout
                                                   main
                                                   register_transmist_timeout
           ENTRY                   ADDRESS         REF BY
           =====                   =======         ======
           UART_send_message       000000A4 
               calls direct
    -------------------------------------------------------------------------
CODE
  Relative segment, address: CODE 000000B6 - 00000139 (0x84 bytes), align: 1
  Segment part 61.            Intra module refs:   all_registers_transmit_timeout::??INTVEC 48
           ENTRY                   ADDRESS         REF BY
           =====                   =======         ======
           all_registers_transmit_timeout
                                   000000B6 
               interrupt function
               calls direct
    -------------------------------------------------------------------------
CODE
  Relative segment, address: CODE 0000013A - 000001B1 (0x78 bytes), align: 1
  Segment part 62.            Intra module refs:   register_transmist_timeout::??INTVEC 64
           ENTRY                   ADDRESS         REF BY
           =====                   =======         ======
           register_transmist_timeout
                                   0000013A 
               interrupt function
               calls direct
    -------------------------------------------------------------------------
CODE
  Relative segment, address: CODE 000001B2 - 000001F9 (0x48 bytes), align: 1
  Segment part 63.            Intra module refs:   receive_func
           ENTRY                   ADDRESS         REF BY
           =====                   =======         ======
           put_data_ring           000001B2 
    -------------------------------------------------------------------------
CODE
  Relative segment, address: CODE 000001FA - 0000027D (0x84 bytes), align: 1
  Segment part 64.            Intra module refs:   receive_func::??INTVEC 128
           ENTRY                   ADDRESS         REF BY
           =====                   =======         ======
           receive_func            000001FA 
               interrupt function
               calls direct
    -------------------------------------------------------------------------
CODE
  Relative segment, address: CODE 0000027E - 0000028D (0x10 bytes), align: 1
  Segment part 65.            Intra module refs:   main
           ENTRY                   ADDRESS         REF BY
           =====                   =======         ======
           EEPROM_write            0000027E 
    -------------------------------------------------------------------------
CODE
  Relative segment, address: CODE 0000028E - 000002D7 (0x4a bytes), align: 1
  Segment part 66.            Intra module refs:   main
           ENTRY                   ADDRESS         REF BY
           =====                   =======         ======
           get_data_ring           0000028E 
    -------------------------------------------------------------------------
CODE
  Relative segment, address: CODE 000002D8 - 000002E3 (0xc bytes), align: 1
  Segment part 67.            Intra module refs:   SPI_send_register
           ENTRY                   ADDRESS         REF BY
           =====                   =======         ======
           SPI_send_byte           000002D8 
    -------------------------------------------------------------------------
CODE
  Relative segment, address: CODE 000002E4 - 0000030D (0x2a bytes), align: 1
  Segment part 68.            Intra module refs:   main
           ENTRY                   ADDRESS         REF BY
           =====                   =======         ======
           SPI_send_register       000002E4 
               calls direct
    -------------------------------------------------------------------------
CODE
  Relative segment, address: CODE 0000030E - 00000347 (0x3a bytes), align: 1
  Segment part 69.            Intra module refs:   main
           ENTRY                   ADDRESS         REF BY
           =====                   =======         ======
           Crc8                    0000030E 
    -------------------------------------------------------------------------
CODE
  Relative segment, address: CODE 00000348 - 00000357 (0x10 bytes), align: 1
  Segment part 70.            Intra module refs:   main
           ENTRY                   ADDRESS         REF BY
           =====                   =======         ======
           EEPROM_read             00000348 
    -------------------------------------------------------------------------
CODE
  Relative segment, address: CODE 00000358 - 0000035B (0x4 bytes), align: 1
  Segment part 71.            Intra module refs:   main
           ENTRY                   ADDRESS         REF BY
           =====                   =======         ======
           LD_init                 00000358 
    -------------------------------------------------------------------------
CODE
  Relative segment, address: CODE 0000035C - 00000361 (0x6 bytes), align: 1
  Segment part 72.            Intra module refs:   main
           ENTRY                   ADDRESS         REF BY
           =====                   =======         ======
           LE_init                 0000035C 
    -------------------------------------------------------------------------
CODE
  Relative segment, address: CODE 00000362 - 0000036B (0xa bytes), align: 1
  Segment part 73.            Intra module refs:   main
           ENTRY                   ADDRESS         REF BY
           =====                   =======         ======
           SPI_master_init         00000362 
    -------------------------------------------------------------------------
CODE
  Relative segment, address: CODE 0000036C - 00000391 (0x26 bytes), align: 1
  Segment part 74.            Intra module refs:   main
           ENTRY                   ADDRESS         REF BY
           =====                   =======         ======
           UART_init               0000036C 
    -------------------------------------------------------------------------
CODE
  Relative segment, address: CODE 00000392 - 000003AB (0x1a bytes), align: 1
  Segment part 75.            Intra module refs:   main
           ENTRY                   ADDRESS         REF BY
           =====                   =======         ======
           TIMER1_init             00000392 
    -------------------------------------------------------------------------
CODE
  Relative segment, address: CODE 000003AC - 000003BB (0x10 bytes), align: 1
  Segment part 76.            Intra module refs:   main
           ENTRY                   ADDRESS         REF BY
           =====                   =======         ======
           TIMER0_init             000003AC 
    -------------------------------------------------------------------------
CODE
  Relative segment, address: CODE 000003BC - 00000825 (0x46a bytes), align: 1
  Segment part 77.
           ENTRY                   ADDRESS         REF BY
           =====                   =======         ======
           main                    000003BC        ?cstartup_call_main (?C_STARTUP)
               calls direct
    -------------------------------------------------------------------------
ABSOLUTE
  Relative segment, address: DATA 0000001F, align: 0
  Segment part 22. ROOT 
           ENTRY                   ADDRESS         REF BY
           =====                   =======         ======
           __?EECR                 0000001F 
    -------------------------------------------------------------------------
ABSOLUTE
  Relative segment, address: DATA 00000020, align: 0
  Segment part 23. ROOT 
           ENTRY                   ADDRESS         REF BY
           =====                   =======         ======
           __?EEDR                 00000020 
    -------------------------------------------------------------------------
ABSOLUTE
  Relative segment, address: DATA 00000021, align: 0
  Segment part 24. ROOT 
           ENTRY                   ADDRESS         REF BY
           =====                   =======         ======
           __?EEARL                00000021 
    -------------------------------------------------------------------------
ABSOLUTE
  Relative segment, address: DATA 00000022, align: 0
  Segment part 25. ROOT 
           ENTRY                   ADDRESS         REF BY
           =====                   =======         ======
           __?EEARH                00000022 
    -------------------------------------------------------------------------
INTVEC
  Common segment, address: CODE 00000000 - 00000033 (0x34 bytes), align: 1
  Segment part 26. ROOT 
           ENTRY                   ADDRESS         REF BY
           =====                   =======         ======
           all_registers_transmit_timeout::??INTVEC 48
                                   00000030 
    -------------------------------------------------------------------------
INTVEC
  Common segment, address: CODE 00000000 - 00000043 (0x44 bytes), align: 1
  Segment part 27. ROOT 
           ENTRY                   ADDRESS         REF BY
           =====                   =======         ======
           register_transmist_timeout::??INTVEC 64
                                   00000040 
    -------------------------------------------------------------------------
INTVEC
  Common segment, address: CODE 00000000 - 00000083 (0x84 bytes), align: 1
  Segment part 28. ROOT 
           ENTRY                   ADDRESS         REF BY
           =====                   =======         ======
           receive_func::??INTVEC 128
                                   00000080 
    -------------------------------------------------------------------------
NEAR_ID
  Relative segment, address: CODE 000008F8 - 000008FF (0x8 bytes), align: 0
  Segment part 32.            Intra module refs:   Segment part 31
    -------------------------------------------------------------------------
INITTAB
  Relative segment, address: CODE 000008EA - 000008F0 (0x7 bytes), align: 0
  Segment part 33.            Intra module refs:   R0
                                                   R1
                                                   R2
                                                   R3
                                                   R4
                                                   R5
                                                   Segment part 31
                                                   Segment part 34
                                                   Segment part 36
                                                   Segment part 38
                                                   Segment part 40
                                                   uartTransmission
           ENTRY                   ADDRESS         REF BY
           =====                   =======         ======
           ?<Segment init: NEAR_I>
                                   000008EA 
    -------------------------------------------------------------------------
NEAR_ID
  Relative segment, address: CODE 00000900 - 00000903 (0x4 bytes), align: 0
  Segment part 35.            Intra module refs:   Segment part 34
    -------------------------------------------------------------------------
NEAR_ID
  Relative segment, address: CODE 00000904 - 0000090B (0x8 bytes), align: 0
  Segment part 37.            Intra module refs:   Segment part 36
    -------------------------------------------------------------------------
NEAR_ID
  Relative segment, address: CODE 0000090C - 00000910 (0x5 bytes), align: 0
  Segment part 39.            Intra module refs:   Segment part 38
    -------------------------------------------------------------------------
NEAR_ID
  Relative segment, address: CODE 00000911 - 00000915 (0x5 bytes), align: 0
  Segment part 41.            Intra module refs:   Segment part 40
    -------------------------------------------------------------------------
NEAR_ID
  Relative segment, address: CODE 00000916 - 00000919 (0x4 bytes), align: 0
  Segment part 43.            Intra module refs:   R0
    -------------------------------------------------------------------------
NEAR_ID
  Relative segment, address: CODE 0000091A - 0000091D (0x4 bytes), align: 0
  Segment part 45.            Intra module refs:   R1
    -------------------------------------------------------------------------
NEAR_ID
  Relative segment, address: CODE 0000091E - 00000921 (0x4 bytes), align: 0
  Segment part 47.            Intra module refs:   R2
    -------------------------------------------------------------------------
NEAR_ID
  Relative segment, address: CODE 00000922 - 00000925 (0x4 bytes), align: 0
  Segment part 49.            Intra module refs:   R3
    -------------------------------------------------------------------------
NEAR_ID
  Relative segment, address: CODE 00000926 - 00000929 (0x4 bytes), align: 0
  Segment part 51.            Intra module refs:   R4
    -------------------------------------------------------------------------
NEAR_ID
  Relative segment, address: CODE 0000092A - 0000092D (0x4 bytes), align: 0
  Segment part 53.            Intra module refs:   R5
    -------------------------------------------------------------------------
INITTAB
  Relative segment, address: CODE 000008F1 - 000008F7 (0x7 bytes), align: 0
  Segment part 55.            Intra module refs:   EEPROM
                                                   uartRingBuff
           ENTRY                   ADDRESS         REF BY
           =====                   =======         ======
           ?<Segment init: NEAR_Z>
                                   000008F1 
    -------------------------------------------------------------------------
NEAR_ID
  Relative segment, address: CODE 0000092E - 0000093A (0xd bytes), align: 0
  Segment part 57.            Intra module refs:   uartTransmission

    *************************************************************************

  FILE NAME : C:\Program Files (x86)\IAR Systems\Embedded Workbench 8.0\avr\LIB\DLIB\dlAVR-3s-ec_mul-n.r90
  LIBRARY MODULE, NAME : ?_exit

  SEGMENTS IN THE MODULE
  ======================
CODE
  Relative segment, address: CODE 00000826, align: 1
  Segment part 0.
           ENTRY                   ADDRESS         REF BY
           =====                   =======         ======
           _exit                   00000826        ?cstartup_call_main (?C_STARTUP)
                                                   exit (?exit)
    -------------------------------------------------------------------------
CODE
  Relative segment, address: CODE 00000826 - 00000829 (0x4 bytes), align: 1
  Segment part 5.             Intra module refs:   _exit

    -------------------------------------------------------------------------
  LIBRARY MODULE, NAME : ?RESET

  SEGMENTS IN THE MODULE
  ======================
INTVEC
  Common segment, address: CODE 00000000 - 00000003 (0x4 bytes), align: 1
  Segment part 0. ROOT 
           ENTRY                   ADDRESS         REF BY
           =====                   =======         ======
           ?RESET                  00000000        Segment part 2 (?C_STARTUP)

    -------------------------------------------------------------------------
  LIBRARY MODULE, NAME : ?C_STARTUP

  SEGMENTS IN THE MODULE
  ======================
CODE
  Relative segment, address: CODE 0000082A, align: 1
  Segment part 2.
           ENTRY                   ADDRESS         REF BY
           =====                   =======         ======
           __program_start         0000082A        Absolute parts (?ABS_ENTRY_MOD)
           ?C_STARTUP              0000082A        ?RESET (?RESET)
           __RESTART               0000082A 
    -------------------------------------------------------------------------
CODE
  Relative segment, address: CODE 0000082A - 00000835 (0xc bytes), align: 1
  Segment part 5.             Intra module refs:   Segment part 2
    -------------------------------------------------------------------------
CODE
  Relative segment, address: CODE 00000836 - 00000839 (0x4 bytes), align: 1
  Segment part 7.             Intra module refs:   Segment part 5
           ENTRY                   ADDRESS         REF BY
           =====                   =======         ======
           ?call_low_level_init    00000836 
    -------------------------------------------------------------------------
CODE
  Relative segment, address: CODE 0000083A - 00000841 (0x8 bytes), align: 1
  Segment part 8.
           ENTRY                   ADDRESS         REF BY
           =====                   =======         ======
           ?need_segment_init      0000083A        ?<Segment init: NEAR_I> (main)
                                                   ?<Segment init: NEAR_Z> (main)
    -------------------------------------------------------------------------
CODE
  Relative segment, address: CODE 00000842 - 0000084D (0xc bytes), align: 1
  Segment part 11.            Intra module refs:   ?call_low_level_init
           ENTRY                   ADDRESS         REF BY
           =====                   =======         ======
           ?cstartup_call_main     00000842 

    -------------------------------------------------------------------------
  LIBRARY MODULE, NAME : ?exit

  SEGMENTS IN THE MODULE
  ======================
CODE
  Relative segment, address: CODE 0000084E - 00000851 (0x4 bytes), align: 1
  Segment part 3.
           ENTRY                   ADDRESS         REF BY
           =====                   =======         ======
           exit                    0000084E        ?cstartup_call_main (?C_STARTUP)
               calls direct

    -------------------------------------------------------------------------
  LIBRARY MODULE, NAME : ?PROLOGUE_L09

  SEGMENTS IN THE MODULE
  ======================
CODE
  Relative segment, address: CODE 00000852 - 00000853 (0x2 bytes), align: 1
  Segment part 12.
           ENTRY                   ADDRESS         REF BY
           =====                   =======         ======
           ?PROLOGUE4_L09          00000852        get_data_ring (main)
                                                   main (main)
                                                   put_data_ring (main)
    -------------------------------------------------------------------------
CODE
  Relative segment, address: CODE 00000854 - 00000855 (0x2 bytes), align: 1
  Segment part 13.            Intra module refs:   ?PROLOGUE4_L09
           ENTRY                   ADDRESS         REF BY
           =====                   =======         ======
           ?PROLOGUE3_L09          00000854 
    -------------------------------------------------------------------------
CODE
  Relative segment, address: CODE 00000856 - 00000857 (0x2 bytes), align: 1
  Segment part 14.            Intra module refs:   ?PROLOGUE3_L09
           ENTRY                   ADDRESS         REF BY
           =====                   =======         ======
           ?PROLOGUE2_L09          00000856 
    -------------------------------------------------------------------------
CODE
  Relative segment, address: CODE 00000858 - 00000859 (0x2 bytes), align: 1
  Segment part 15.            Intra module refs:   ?PROLOGUE2_L09
           ENTRY                   ADDRESS         REF BY
           =====                   =======         ======
           ?PROLOGUE1_L09          00000858 
    -------------------------------------------------------------------------
CODE
  Relative segment, address: CODE 0000085A - 0000085B (0x2 bytes), align: 1
  Segment part 16.            Intra module refs:   ?PROLOGUE1_L09

    -------------------------------------------------------------------------
  LIBRARY MODULE, NAME : ?EPILOGUE_B_L09

  SEGMENTS IN THE MODULE
  ======================
CODE
  Relative segment, address: CODE 0000085C - 0000085D (0x2 bytes), align: 1
  Segment part 12.
           ENTRY                   ADDRESS         REF BY
           =====                   =======         ======
           ?EPILOGUE_B4_L09        0000085C        get_data_ring (main)
                                                   put_data_ring (main)
    -------------------------------------------------------------------------
CODE
  Relative segment, address: CODE 0000085E - 0000085F (0x2 bytes), align: 1
  Segment part 13.            Intra module refs:   ?EPILOGUE_B4_L09
           ENTRY                   ADDRESS         REF BY
           =====                   =======         ======
           ?EPILOGUE_B3_L09        0000085E 
    -------------------------------------------------------------------------
CODE
  Relative segment, address: CODE 00000860 - 00000861 (0x2 bytes), align: 1
  Segment part 14.            Intra module refs:   ?EPILOGUE_B3_L09
           ENTRY                   ADDRESS         REF BY
           =====                   =======         ======
           ?EPILOGUE_B2_L09        00000860 
    -------------------------------------------------------------------------
CODE
  Relative segment, address: CODE 00000862 - 00000863 (0x2 bytes), align: 1
  Segment part 15.            Intra module refs:   ?EPILOGUE_B2_L09
           ENTRY                   ADDRESS         REF BY
           =====                   =======         ======
           ?EPILOGUE_B1_L09        00000862 
    -------------------------------------------------------------------------
CODE
  Relative segment, address: CODE 00000864 - 0000086D (0xa bytes), align: 1
  Segment part 16.            Intra module refs:   ?EPILOGUE_B1_L09
           ENTRY                   ADDRESS         REF BY
           =====                   =======         ======
           ?EPILOGUE_B0_L09        00000864 

    -------------------------------------------------------------------------
  LIBRARY MODULE, NAME : ?low_level_init

  SEGMENTS IN THE MODULE
  ======================
CODE
  Relative segment, address: CODE 0000086E - 00000871 (0x4 bytes), align: 1
  Segment part 3.
           ENTRY                   ADDRESS         REF BY
           =====                   =======         ======
           __low_level_init        0000086E        ?call_low_level_init (?C_STARTUP)

    -------------------------------------------------------------------------
  LIBRARY MODULE, NAME : ?segment_init

  SEGMENTS IN THE MODULE
  ======================
CODE
  Relative segment, address: CODE 00000872 - 0000087D (0xc bytes), align: 1
  Segment part 3.             Intra module refs:   __segment_init
           LOCAL                   ADDRESS         
           =====                   =======         
           __memclr                00000872 
    -------------------------------------------------------------------------
CODE
  Relative segment, address: CODE 0000087E - 00000891 (0x14 bytes), align: 1
  Segment part 4.             Intra module refs:   __segment_init
           LOCAL                   ADDRESS         
           =====                   =======         
           __flashcpy              0000087E 
    -------------------------------------------------------------------------
CODE
  Relative segment, address: CODE 00000892 - 000008E7 (0x56 bytes), align: 1
  Segment part 5.
           ENTRY                   ADDRESS         REF BY
           =====                   =======         ======
           __segment_init          00000892        ?need_segment_init (?C_STARTUP)
               calls direct

    -------------------------------------------------------------------------
  LIBRARY MODULE, NAME : ?__exit

  SEGMENTS IN THE MODULE
  ======================
CODE
  Relative segment, address: CODE 000008E8 - 000008E9 (0x2 bytes), align: 1
  Segment part 3.
           ENTRY                   ADDRESS         REF BY
           =====                   =======         ======
           __exit                  000008E8        Segment part 5 (?_exit)

    *************************************************************************

  DEFINED ABSOLUTE ENTRIES
  PROGRAM MODULE, NAME : ?FILLER_BYTES

  SEGMENTS IN THE MODULE
  ======================
INTVEC
  Common segment, address: CODE 00000000 - 00000083 (0x84 bytes), align: 0
  Segment part 1.
    -------------------------------------------------------------------------
?FILL1
  Relative segment, address: CODE 00000084 - 00000093 (0x10 bytes), align: 0
  Segment part 0.




                ****************************************
                *                                      *
                *      SEGMENTS IN ADDRESS ORDER       *
                *                                      *
                ****************************************


SEGMENT              SPACE    START ADDRESS   END ADDRESS     SIZE  TYPE  ALIGN
=======              =====    =============   ===========     ====  ====  =====
INTVEC               CODE          00000000 - 00000083          84   com    1
?FILL1               CODE          00000084 - 00000093          10   rel    0
CODE                 CODE          00000094 - 000008E9         856   rel    1
INITTAB              CODE          000008EA - 000008F7           E   rel    0
NEAR_ID              CODE          000008F8 - 0000093A          43   rel    0
ABSOLUTE             DATA               0000001F                     rel    0
                     DATA               00000020                   
                     DATA               00000021                   
                     DATA               00000022                   
                     DATA          00000023 - 00000025           3 
                     DATA          0000003F - 00000042           4 
                     DATA          00000044 - 00000044           1 
                     DATA          00000046 - 00000047           2 
                     DATA          0000004C - 0000004E           3 
                     DATA          0000006E - 0000006F           2 
                     DATA          00000081 - 00000081           1 
                     DATA          00000084 - 00000085           2 
                     DATA          00000088 - 00000089           2 
                     DATA          000000C8 - 000000C9           2 
                     DATA          000000CC - 000000CE           3 
CSTACK               DATA          00000100 - 0000011F          20   dse    0
RSTACK               DATA          00000120 - 0000013F          20   dse    0
NEAR_I               DATA          00000140 - 00000182          43   rel    0
NEAR_Z               DATA          00000183 - 000001A7          25   rel    0

                ****************************************
                *                                      *
                *        END OF CROSS REFERENCE        *
                *                                      *
                ****************************************

 2 347 bytes of CODE memory (+             16 range fill )
   168 bytes of DATA memory (+ 25 absolute )

Errors: none
Warnings: none

