################################################################################
#                                                                              #
#      IAR Universal Linker V6.5.0.91                                          #
#                                                                              #
#           Link time     =  23/Mar/2018  13:37:14                             #
#           Target CPU    =  A90                                               #
#           List file     =  C:\Users\y_bykovtsev\Documents\Projects\IAR_proje #
#                            cts\Debug\List\test.map                           #
#           Output file 1 =  C:\Users\y_bykovtsev\Documents\Projects\IAR_proje #
#                            cts\Debug\Exe\test.hex                            #
#                            Format: intel-standard                            #
#           Command line  =  -f                                                #
#                            C:\Users\Y_BYKO~1\AppData\Local\Temp\EW5F6B.tmp   #
#                            (C:\Users\y_bykovtsev\Documents\Projects\IAR_proj #
#                            ects\Debug\Obj\main.r90                           #
#                            -o                                                #
#                            C:\Users\y_bykovtsev\Documents\Projects\IAR_proje #
#                            cts\Debug\Exe\test.hex                            #
#                            -Fintel-standard -l                               #
#                            C:\Users\y_bykovtsev\Documents\Projects\IAR_proje #
#                            cts\Debug\List\test.map                           #
#                            -xms                                              #
#                            "-IC:\Program Files (x86)\IAR Systems\Embedded Wo #
#                            rkbench 8.0\avr\LIB\"                             #
#                            -f                                                #
#                            "C:\Program Files (x86)\IAR Systems\Embedded Work #
#                            bench 8.0\avr\src\template\cfgcan128.xcl"         #
#                            (-D_..X_INTVEC_SIZE=94 -D_..X_FLASH_END=1FFFF     #
#                            -D_..X_FLASH_NEND=FFFF -D_..X_SRAM_BASE=100       #
#                            -D_..X_SRAM_TBASE=0 -D_..X_SRAM_TSIZE=0           #
#                            -D_..X_SRAM_END=10FF -D_..X_EEPROM_START=0        #
#                            -D_..X_EEPROM_END=FFF) -D_..X_HEAP_SIZE=0         #
#                            -D_..X_TINY_HEAP_SIZE=0                           #
#                            -D_..X_NEAR_HEAP_SIZE=20 -D_..X_FAR_HEAP_SIZE=0   #
#                            -D_..X_HUGE_HEAP_SIZE=0 -D_..X_CSTACK_SIZE=20     #
#                            -D_..X_RSTACK_SIZE=20                             #
#                            -D_..X_FLASH_CODE_END=1FFFF -f                    #
#                            "C:\Program Files (x86)\IAR Systems\Embedded Work #
#                            bench 8.0\avr\src\template\cfg3soim.xcl"          #
#                            (-ca90 -w29                                       #
#                            -Z(CODE)INTVEC=0-(_..X_INTVEC_SIZE-1)             #
#                            -Z(CODE)TINY_F=_..X_FLASH_BASE-FF                 #
#                            -Z(CODE)NEAR_F=_..X_FLASH_BASE-_..X_FLASH_NEND    #
#                            -Z(CODE)SWITCH=_..X_FLASH_BASE-_..X_FLASH_NEND    #
#                            -Z(CODE)DIFUNCT=_..X_FLASH_BASE-_..X_FLASH_NEND   #
#                            -Z(CODE)CODE=_..X_FLASH_BASE-_..X_FLASH_END       #
#                            -P(CODE)FAR_F=[_..X_FLASH_BASE-_..X_FLASH_END]/10 #
#                            000                                               #
#                            -Z(CODE)INITTAB=_..X_FLASH_BASE-_..X_FLASH_END    #
#                            -Z(CODE)HUGE_F=_..X_FLASH_BASE-_..X_FLASH_END     #
#                            -Z(CODE)TINY_ID=_..X_FLASH_BASE-_..X_FLASH_END    #
#                            -Z(CODE)NEAR_ID=_..X_FLASH_BASE-_..X_FLASH_END    #
#                            -Z(CODE)CHECKSUM#_..X_FLASH_END                   #
#                            -Z(DATA)TINY_I,TINY_Z,TINY_N=_..X_SRAM_TBASE:+_.. #
#                            X_SRAM_TSIZE                                      #
#                            -Z(DATA)CSTACK+_..X_CSTACK_SIZE=_..X_CSTACK_BASE- #
#                            _..X_CSTACK_END                                   #
#                            -Z(DATA)HEAP+_..X_HEAP_SIZE=_..X_SRAM_BASE-_..X_S #
#                            RAM_END                                           #
#                            -Z(DATA)IOSTREAM_N#_..X_SRAM_BASE-_..X_SRAM_END   #
#                            -Z(DATA)NEAR_HEAP+_..X_NEAR_HEAP_SIZE=_..X_SRAM_B #
#                            ASE-_..X_SRAM_END                                 #
#                            -Z(DATA)RSTACK+_..X_RSTACK_SIZE=_..X_RSTACK_BASE- #
#                            _..X_RSTACK_END                                   #
#                            -Z(DATA)NEAR_I,NEAR_Z,NEAR_N=_..X_SRAM_BASE-_..X_ #
#                            SRAM_END                                          #
#                            -Z(XDATA)EEPROM_I,EEPROM_N=_..X_EEPROM_START-_..X #
#                            _EEPROM_END)                                      #
#                            -D_..X_FLASH_BASE=_..X_INTVEC_SIZE -H1895         #
#                            -h(CODE)0-(_..X_INTVEC_SIZE-1)                    #
#                            -D_..X_EXT_SRAM_BASE=_..X_SRAM_END                #
#                            -D_..X_EXT_SRAM_SIZE=0                            #
#                            -D_..X_EXT_ROM_BASE=_..X_SRAM_END                 #
#                            -D_..X_EXT_ROM_SIZE=0                             #
#                            -D_..X_EXT_NV_BASE=_..X_SRAM_END                  #
#                            -D_..X_EXT_NV_SIZE=0                              #
#                            -D_..X_CSTACK_BASE=_..X_SRAM_BASE                 #
#                            -D_..X_CSTACK_END=_..X_SRAM_END                   #
#                            -D_..X_RSTACK_BASE=_..X_SRAM_BASE                 #
#                            -D_..X_RSTACK_END=_..X_SRAM_END -s                #
#                            __program_start                                   #
#                            "C:\Program Files (x86)\IAR Systems\Embedded Work #
#                            bench 8.0\avr\LIB\DLIB\dlAVR-3s-ec_mul-n.r90")    #
#                                                                              #
#                           Copyright (C) 1987-2016 IAR Systems AB.            #
################################################################################





                ****************************************
                *                                      *
                *           CROSS REFERENCE            *
                *                                      *
                ****************************************

       Program entry at : CODE      00000674  Relocatable, from module : ?C_STARTUP




                ****************************************
                *                                      *
                *            RUNTIME MODEL             *
                *                                      *
                ****************************************

  R10                        = REG
  R11                        = REG
  R4                         = REG
  R5                         = REG
  R6                         = REG
  R7                         = REG
  R8                         = REG
  R9                         = REG
  __64bit_doubles            = disabled
  __Heap_Handler             = Basic
  __SystemLibrary            = DLib
  __cpu                      = 3
  __cpu_name                 = AT90CAN128
  __dlib_file_descriptor     = 0
  __dlib_full_locale_support = 0
  __enhanced_core            = enabled
  __has_elpm                 = true
  __memory_model             = 2
  __no_rampd                 = enabled
  __rt_version               = 3
  __tiny_avr                 = false
  __vtable_memory            = __nearflash

                ****************************************
                *                                      *
                *    AUTOMATIC SYMBOL REDIRECTIONS     *
                *                                      *
                ****************************************

                  There are no automatic symbol redirections.



                ****************************************
                *                                      *
                *              MODULE MAP              *
                *                                      *
                ****************************************


  DEFINED ABSOLUTE ENTRIES
  PROGRAM MODULE, NAME : ?ABS_ENTRY_MOD

Absolute parts
           ENTRY                   ADDRESS         REF BY
           =====                   =======         ======
           _..X_RSTACK_END         000010FF 
           _..X_RSTACK_BASE        00000100 
           _..X_CSTACK_END         000010FF 
           _..X_CSTACK_BASE        00000100 
           _..X_EXT_NV_SIZE        00000000 
           _..X_EXT_NV_BASE        000010FF 
           _..X_EXT_ROM_SIZE       00000000 
           _..X_EXT_ROM_BASE       000010FF 
           _..X_EXT_SRAM_SIZE      00000000 
           _..X_EXT_SRAM_BASE      000010FF 
           _..X_FLASH_BASE         00000094 
           _..X_FLASH_CODE_END     0001FFFF 
           _..X_RSTACK_SIZE        00000020 
           _..X_CSTACK_SIZE        00000020 
           _..X_HUGE_HEAP_SIZE     00000000 
           _..X_FAR_HEAP_SIZE      00000000 
           _..X_NEAR_HEAP_SIZE     00000020 
           _..X_TINY_HEAP_SIZE     00000000 
           _..X_HEAP_SIZE          00000000 
           _..X_EEPROM_END         00000FFF 
           _..X_EEPROM_START       00000000 
           _..X_SRAM_END           000010FF 
           _..X_SRAM_TSIZE         00000000 
           _..X_SRAM_TBASE         00000000 
           _..X_SRAM_BASE          00000100 
           _..X_FLASH_NEND         0000FFFF 
           _..X_FLASH_END          0001FFFF 
           _..X_INTVEC_SIZE        00000094 
    *************************************************************************

  FILE NAME : C:\Users\y_bykovtsev\Documents\Projects\IAR_projects\Debug\Obj\main.r90
  PROGRAM MODULE, NAME : main

  SEGMENTS IN THE MODULE
  ======================
NEAR_I
  Relative segment, address: DATA 00000140 - 00000143 (0x4 bytes), align: 0
  Segment part 21.            Intra module refs:   main
    -------------------------------------------------------------------------
NEAR_I
  Relative segment, address: DATA 00000144 - 0000014B (0x8 bytes), align: 0
  Segment part 24.            Intra module refs:   main
    -------------------------------------------------------------------------
NEAR_I
  Relative segment, address: DATA 0000014C - 00000150 (0x5 bytes), align: 0
  Segment part 26.            Intra module refs:   main
    -------------------------------------------------------------------------
NEAR_I
  Relative segment, address: DATA 00000151 - 00000155 (0x5 bytes), align: 0
  Segment part 28.            Intra module refs:   main
    -------------------------------------------------------------------------
NEAR_I
  Relative segment, address: DATA 00000156 - 00000159 (0x4 bytes), align: 0
  Segment part 30.            Intra module refs:   main
           ENTRY                   ADDRESS         REF BY
           =====                   =======         ======
           R0                      00000156 
    -------------------------------------------------------------------------
NEAR_I
  Relative segment, address: DATA 0000015A - 0000015D (0x4 bytes), align: 0
  Segment part 32.            Intra module refs:   main
           ENTRY                   ADDRESS         REF BY
           =====                   =======         ======
           R1                      0000015A 
    -------------------------------------------------------------------------
NEAR_I
  Relative segment, address: DATA 0000015E - 00000161 (0x4 bytes), align: 0
  Segment part 34.            Intra module refs:   main
           ENTRY                   ADDRESS         REF BY
           =====                   =======         ======
           R2                      0000015E 
    -------------------------------------------------------------------------
NEAR_I
  Relative segment, address: DATA 00000162 - 00000165 (0x4 bytes), align: 0
  Segment part 36.            Intra module refs:   main
           ENTRY                   ADDRESS         REF BY
           =====                   =======         ======
           R3                      00000162 
    -------------------------------------------------------------------------
NEAR_I
  Relative segment, address: DATA 00000166 - 00000169 (0x4 bytes), align: 0
  Segment part 38.            Intra module refs:   main
           ENTRY                   ADDRESS         REF BY
           =====                   =======         ======
           R4                      00000166 
    -------------------------------------------------------------------------
NEAR_I
  Relative segment, address: DATA 0000016A - 0000016D (0x4 bytes), align: 0
  Segment part 40.            Intra module refs:   main
           ENTRY                   ADDRESS         REF BY
           =====                   =======         ======
           R5                      0000016A 
    -------------------------------------------------------------------------
ABSOLUTE
  Relative segment, address: DATA 000000CE - 000000CE (0x1 bytes), align: 0
  Segment part 1. ROOT        Intra module refs:   UART_send_byte
                                                   receive_func
           ENTRY                   ADDRESS         REF BY
           =====                   =======         ======
           _A_UDR1                 000000CE 
           LOCAL                   ADDRESS         
           =====                   =======         
           UDR1                    000000CE 
    -------------------------------------------------------------------------
ABSOLUTE
  Relative segment, address: DATA 000000CC - 000000CD (0x2 bytes), align: 0
  Segment part 2. ROOT        Intra module refs:   UART_init
           ENTRY                   ADDRESS         REF BY
           =====                   =======         ======
           _A_UBRR1                000000CC 
           LOCAL                   ADDRESS         
           =====                   =======         
           UBRR1                   000000CC 
           UBRR1H                  000000CD 
           UBRR1L                  000000CC 
    -------------------------------------------------------------------------
ABSOLUTE
  Relative segment, address: DATA 000000C9 - 000000C9 (0x1 bytes), align: 0
  Segment part 3. ROOT        Intra module refs:   UART_init
           ENTRY                   ADDRESS         REF BY
           =====                   =======         ======
           _A_UCSR1B               000000C9 
           LOCAL                   ADDRESS         
           =====                   =======         
           UCSR1B                  000000C9 
    -------------------------------------------------------------------------
ABSOLUTE
  Relative segment, address: DATA 000000C8 - 000000C8 (0x1 bytes), align: 0
  Segment part 4. ROOT        Intra module refs:   UART_send_byte
           ENTRY                   ADDRESS         REF BY
           =====                   =======         ======
           _A_UCSR1A               000000C8 
           LOCAL                   ADDRESS         
           =====                   =======         
           UCSR1A                  000000C8 
    -------------------------------------------------------------------------
ABSOLUTE
  Relative segment, address: DATA 0000004E - 0000004E (0x1 bytes), align: 0
  Segment part 5. ROOT        Intra module refs:   SPI_send_byte
           ENTRY                   ADDRESS         REF BY
           =====                   =======         ======
           _A_SPDR                 0000004E 
           LOCAL                   ADDRESS         
           =====                   =======         
           SPDR                    0000004E 
    -------------------------------------------------------------------------
ABSOLUTE
  Relative segment, address: DATA 0000004D - 0000004D (0x1 bytes), align: 0
  Segment part 6. ROOT        Intra module refs:   SPI_send_byte
           ENTRY                   ADDRESS         REF BY
           =====                   =======         ======
           _A_SPSR                 0000004D 
           LOCAL                   ADDRESS         
           =====                   =======         
           SPSR                    0000004D 
    -------------------------------------------------------------------------
ABSOLUTE
  Relative segment, address: DATA 0000004C - 0000004C (0x1 bytes), align: 0
  Segment part 7. ROOT        Intra module refs:   SPI_master_init
           ENTRY                   ADDRESS         REF BY
           =====                   =======         ======
           _A_SPCR                 0000004C 
           LOCAL                   ADDRESS         
           =====                   =======         
           SPCR                    0000004C 
    -------------------------------------------------------------------------
ABSOLUTE
  Relative segment, address: DATA 00000041 - 00000042 (0x2 bytes), align: 0
  Segment part 8. ROOT        Intra module refs:   EEPROM_read
                                                   EEPROM_write
           ENTRY                   ADDRESS         REF BY
           =====                   =======         ======
           _A_EEAR                 00000041 
           LOCAL                   ADDRESS         
           =====                   =======         
           EEAR                    00000041 
           EEARH                   00000042 
           EEARL                   00000041 
    -------------------------------------------------------------------------
ABSOLUTE
  Relative segment, address: DATA 00000040 - 00000040 (0x1 bytes), align: 0
  Segment part 9. ROOT        Intra module refs:   EEPROM_read
                                                   EEPROM_write
           ENTRY                   ADDRESS         REF BY
           =====                   =======         ======
           _A_EEDR                 00000040 
           LOCAL                   ADDRESS         
           =====                   =======         
           EEDR                    00000040 
    -------------------------------------------------------------------------
ABSOLUTE
  Relative segment, address: DATA 0000003F - 0000003F (0x1 bytes), align: 0
  Segment part 10. ROOT       Intra module refs:   EEPROM_read
                                                   EEPROM_write
           ENTRY                   ADDRESS         REF BY
           =====                   =======         ======
           _A_EECR                 0000003F 
           LOCAL                   ADDRESS         
           =====                   =======         
           EECR                    0000003F 
    -------------------------------------------------------------------------
ABSOLUTE
  Relative segment, address: DATA 00000025 - 00000025 (0x1 bytes), align: 0
  Segment part 11. ROOT       Intra module refs:   LD_init
                                                   LE_init
                                                   SPI_send_register
           ENTRY                   ADDRESS         REF BY
           =====                   =======         ======
           _A_PORTB                00000025 
           LOCAL                   ADDRESS         
           =====                   =======         
           PORTB                   00000025 
    -------------------------------------------------------------------------
ABSOLUTE
  Relative segment, address: DATA 00000024 - 00000024 (0x1 bytes), align: 0
  Segment part 12. ROOT       Intra module refs:   LE_init
                                                   SPI_master_init
           ENTRY                   ADDRESS         REF BY
           =====                   =======         ======
           _A_DDRB                 00000024 
           LOCAL                   ADDRESS         
           =====                   =======         
           DDRB                    00000024 
    -------------------------------------------------------------------------
ABSOLUTE
  Relative segment, address: DATA 00000023 - 00000023 (0x1 bytes), align: 0
  Segment part 13. ROOT       Intra module refs:   main
           ENTRY                   ADDRESS         REF BY
           =====                   =======         ======
           _A_PINB                 00000023 
           LOCAL                   ADDRESS         
           =====                   =======         
           PINB                    00000023 
    -------------------------------------------------------------------------
NEAR_Z
  Relative segment, address: DATA 0000016E - 00000178 (0xb bytes), align: 0
  Segment part 42.            Intra module refs:   UART_init
                                                   get_data_ring
                                                   main
                                                   put_data_ring
           ENTRY                   ADDRESS         REF BY
           =====                   =======         ======
           uartRingBuff            0000016E 
    -------------------------------------------------------------------------
NEAR_Z
  Relative segment, address: DATA 00000179 - 00000183 (0xb bytes), align: 0
  Segment part 44.            Intra module refs:   main
                                                   receive_func
           ENTRY                   ADDRESS         REF BY
           =====                   =======         ======
           uartTransmission        00000179 
    -------------------------------------------------------------------------
NEAR_Z
  Relative segment, address: DATA 00000184 - 0000019D (0x1a bytes), align: 0
  Segment part 45.            Intra module refs:   main
           ENTRY                   ADDRESS         REF BY
           =====                   =======         ======
           EEPROM                  00000184 
    -------------------------------------------------------------------------
CODE
  Relative segment, address: CODE 00000094 - 000000DB (0x48 bytes), align: 1
  Segment part 46.            Intra module refs:   receive_func
           ENTRY                   ADDRESS         REF BY
           =====                   =======         ======
           put_data_ring           00000094 
    -------------------------------------------------------------------------
CODE
  Relative segment, address: CODE 000000DC - 0000014F (0x74 bytes), align: 1
  Segment part 47.            Intra module refs:   receive_func::??INTVEC 128
           ENTRY                   ADDRESS         REF BY
           =====                   =======         ======
           receive_func            000000DC 
               interrupt function
               calls direct
    -------------------------------------------------------------------------
CODE
  Relative segment, address: CODE 00000150 - 0000015F (0x10 bytes), align: 1
  Segment part 48.            Intra module refs:   UART_send_message
           ENTRY                   ADDRESS         REF BY
           =====                   =======         ======
           UART_send_byte          00000150 
    -------------------------------------------------------------------------
CODE
  Relative segment, address: CODE 00000160 - 00000171 (0x12 bytes), align: 1
  Segment part 49.            Intra module refs:   main
           ENTRY                   ADDRESS         REF BY
           =====                   =======         ======
           UART_send_message       00000160 
               calls direct
    -------------------------------------------------------------------------
CODE
  Relative segment, address: CODE 00000172 - 00000181 (0x10 bytes), align: 1
  Segment part 50.            Intra module refs:   main
           ENTRY                   ADDRESS         REF BY
           =====                   =======         ======
           EEPROM_write            00000172 
    -------------------------------------------------------------------------
CODE
  Relative segment, address: CODE 00000182 - 000001CB (0x4a bytes), align: 1
  Segment part 51.            Intra module refs:   main
           ENTRY                   ADDRESS         REF BY
           =====                   =======         ======
           get_data_ring           00000182 
    -------------------------------------------------------------------------
CODE
  Relative segment, address: CODE 000001CC - 000001D7 (0xc bytes), align: 1
  Segment part 52.            Intra module refs:   SPI_send_register
           ENTRY                   ADDRESS         REF BY
           =====                   =======         ======
           SPI_send_byte           000001CC 
    -------------------------------------------------------------------------
CODE
  Relative segment, address: CODE 000001D8 - 00000201 (0x2a bytes), align: 1
  Segment part 53.            Intra module refs:   main
           ENTRY                   ADDRESS         REF BY
           =====                   =======         ======
           SPI_send_register       000001D8 
               calls direct
    -------------------------------------------------------------------------
CODE
  Relative segment, address: CODE 00000202 - 0000023B (0x3a bytes), align: 1
  Segment part 54.            Intra module refs:   main
           ENTRY                   ADDRESS         REF BY
           =====                   =======         ======
           Crc8                    00000202 
    -------------------------------------------------------------------------
CODE
  Relative segment, address: CODE 0000023C - 0000024B (0x10 bytes), align: 1
  Segment part 55.            Intra module refs:   main
           ENTRY                   ADDRESS         REF BY
           =====                   =======         ======
           EEPROM_read             0000023C 
    -------------------------------------------------------------------------
CODE
  Relative segment, address: CODE 0000024C - 0000024F (0x4 bytes), align: 1
  Segment part 56.            Intra module refs:   main
           ENTRY                   ADDRESS         REF BY
           =====                   =======         ======
           LD_init                 0000024C 
    -------------------------------------------------------------------------
CODE
  Relative segment, address: CODE 00000250 - 00000255 (0x6 bytes), align: 1
  Segment part 57.            Intra module refs:   main
           ENTRY                   ADDRESS         REF BY
           =====                   =======         ======
           LE_init                 00000250 
    -------------------------------------------------------------------------
CODE
  Relative segment, address: CODE 00000256 - 0000025F (0xa bytes), align: 1
  Segment part 58.            Intra module refs:   main
           ENTRY                   ADDRESS         REF BY
           =====                   =======         ======
           SPI_master_init         00000256 
    -------------------------------------------------------------------------
CODE
  Relative segment, address: CODE 00000260 - 00000285 (0x26 bytes), align: 1
  Segment part 59.            Intra module refs:   main
           ENTRY                   ADDRESS         REF BY
           =====                   =======         ======
           UART_init               00000260 
    -------------------------------------------------------------------------
CODE
  Relative segment, address: CODE 00000286 - 0000066F (0x3ea bytes), align: 1
  Segment part 60.
           ENTRY                   ADDRESS         REF BY
           =====                   =======         ======
           main                    00000286        ?cstartup_call_main (?C_STARTUP)
               calls direct
    -------------------------------------------------------------------------
ABSOLUTE
  Relative segment, address: DATA 0000001F, align: 0
  Segment part 14. ROOT 
           ENTRY                   ADDRESS         REF BY
           =====                   =======         ======
           __?EECR                 0000001F 
    -------------------------------------------------------------------------
ABSOLUTE
  Relative segment, address: DATA 00000020, align: 0
  Segment part 15. ROOT 
           ENTRY                   ADDRESS         REF BY
           =====                   =======         ======
           __?EEDR                 00000020 
    -------------------------------------------------------------------------
ABSOLUTE
  Relative segment, address: DATA 00000021, align: 0
  Segment part 16. ROOT 
           ENTRY                   ADDRESS         REF BY
           =====                   =======         ======
           __?EEARL                00000021 
    -------------------------------------------------------------------------
ABSOLUTE
  Relative segment, address: DATA 00000022, align: 0
  Segment part 17. ROOT 
           ENTRY                   ADDRESS         REF BY
           =====                   =======         ======
           __?EEARH                00000022 
    -------------------------------------------------------------------------
INTVEC
  Common segment, address: CODE 00000000 - 00000083 (0x84 bytes), align: 1
  Segment part 18. ROOT 
           ENTRY                   ADDRESS         REF BY
           =====                   =======         ======
           receive_func::??INTVEC 128
                                   00000080 
    -------------------------------------------------------------------------
NEAR_ID
  Relative segment, address: CODE 00000742 - 00000745 (0x4 bytes), align: 0
  Segment part 22.            Intra module refs:   Segment part 21
    -------------------------------------------------------------------------
INITTAB
  Relative segment, address: CODE 00000734 - 0000073A (0x7 bytes), align: 0
  Segment part 23.            Intra module refs:   R0
                                                   R1
                                                   R2
                                                   R3
                                                   R4
                                                   R5
                                                   Segment part 21
                                                   Segment part 24
                                                   Segment part 26
                                                   Segment part 28
           ENTRY                   ADDRESS         REF BY
           =====                   =======         ======
           ?<Segment init: NEAR_I>
                                   00000734 
    -------------------------------------------------------------------------
NEAR_ID
  Relative segment, address: CODE 00000746 - 0000074D (0x8 bytes), align: 0
  Segment part 25.            Intra module refs:   Segment part 24
    -------------------------------------------------------------------------
NEAR_ID
  Relative segment, address: CODE 0000074E - 00000752 (0x5 bytes), align: 0
  Segment part 27.            Intra module refs:   Segment part 26
    -------------------------------------------------------------------------
NEAR_ID
  Relative segment, address: CODE 00000753 - 00000757 (0x5 bytes), align: 0
  Segment part 29.            Intra module refs:   Segment part 28
    -------------------------------------------------------------------------
NEAR_ID
  Relative segment, address: CODE 00000758 - 0000075B (0x4 bytes), align: 0
  Segment part 31.            Intra module refs:   R0
    -------------------------------------------------------------------------
NEAR_ID
  Relative segment, address: CODE 0000075C - 0000075F (0x4 bytes), align: 0
  Segment part 33.            Intra module refs:   R1
    -------------------------------------------------------------------------
NEAR_ID
  Relative segment, address: CODE 00000760 - 00000763 (0x4 bytes), align: 0
  Segment part 35.            Intra module refs:   R2
    -------------------------------------------------------------------------
NEAR_ID
  Relative segment, address: CODE 00000764 - 00000767 (0x4 bytes), align: 0
  Segment part 37.            Intra module refs:   R3
    -------------------------------------------------------------------------
NEAR_ID
  Relative segment, address: CODE 00000768 - 0000076B (0x4 bytes), align: 0
  Segment part 39.            Intra module refs:   R4
    -------------------------------------------------------------------------
NEAR_ID
  Relative segment, address: CODE 0000076C - 0000076F (0x4 bytes), align: 0
  Segment part 41.            Intra module refs:   R5
    -------------------------------------------------------------------------
INITTAB
  Relative segment, address: CODE 0000073B - 00000741 (0x7 bytes), align: 0
  Segment part 43.            Intra module refs:   EEPROM
                                                   uartRingBuff
                                                   uartTransmission
           ENTRY                   ADDRESS         REF BY
           =====                   =======         ======
           ?<Segment init: NEAR_Z>
                                   0000073B 

    *************************************************************************

  FILE NAME : C:\Program Files (x86)\IAR Systems\Embedded Workbench 8.0\avr\LIB\DLIB\dlAVR-3s-ec_mul-n.r90
  LIBRARY MODULE, NAME : ?_exit

  SEGMENTS IN THE MODULE
  ======================
CODE
  Relative segment, address: CODE 00000670, align: 1
  Segment part 0.
           ENTRY                   ADDRESS         REF BY
           =====                   =======         ======
           _exit                   00000670        ?cstartup_call_main (?C_STARTUP)
                                                   exit (?exit)
    -------------------------------------------------------------------------
CODE
  Relative segment, address: CODE 00000670 - 00000673 (0x4 bytes), align: 1
  Segment part 5.             Intra module refs:   _exit

    -------------------------------------------------------------------------
  LIBRARY MODULE, NAME : ?RESET

  SEGMENTS IN THE MODULE
  ======================
INTVEC
  Common segment, address: CODE 00000000 - 00000003 (0x4 bytes), align: 1
  Segment part 0. ROOT 
           ENTRY                   ADDRESS         REF BY
           =====                   =======         ======
           ?RESET                  00000000        Segment part 2 (?C_STARTUP)

    -------------------------------------------------------------------------
  LIBRARY MODULE, NAME : ?C_STARTUP

  SEGMENTS IN THE MODULE
  ======================
CODE
  Relative segment, address: CODE 00000674, align: 1
  Segment part 2.
           ENTRY                   ADDRESS         REF BY
           =====                   =======         ======
           __program_start         00000674        Absolute parts (?ABS_ENTRY_MOD)
           ?C_STARTUP              00000674        ?RESET (?RESET)
           __RESTART               00000674 
    -------------------------------------------------------------------------
CODE
  Relative segment, address: CODE 00000674 - 0000067F (0xc bytes), align: 1
  Segment part 5.             Intra module refs:   Segment part 2
    -------------------------------------------------------------------------
CODE
  Relative segment, address: CODE 00000680 - 00000683 (0x4 bytes), align: 1
  Segment part 7.             Intra module refs:   Segment part 5
           ENTRY                   ADDRESS         REF BY
           =====                   =======         ======
           ?call_low_level_init    00000680 
    -------------------------------------------------------------------------
CODE
  Relative segment, address: CODE 00000684 - 0000068B (0x8 bytes), align: 1
  Segment part 8.
           ENTRY                   ADDRESS         REF BY
           =====                   =======         ======
           ?need_segment_init      00000684        ?<Segment init: NEAR_I> (main)
                                                   ?<Segment init: NEAR_Z> (main)
    -------------------------------------------------------------------------
CODE
  Relative segment, address: CODE 0000068C - 00000697 (0xc bytes), align: 1
  Segment part 11.            Intra module refs:   ?call_low_level_init
           ENTRY                   ADDRESS         REF BY
           =====                   =======         ======
           ?cstartup_call_main     0000068C 

    -------------------------------------------------------------------------
  LIBRARY MODULE, NAME : ?exit

  SEGMENTS IN THE MODULE
  ======================
CODE
  Relative segment, address: CODE 00000698 - 0000069B (0x4 bytes), align: 1
  Segment part 3.
           ENTRY                   ADDRESS         REF BY
           =====                   =======         ======
           exit                    00000698        ?cstartup_call_main (?C_STARTUP)
               calls direct

    -------------------------------------------------------------------------
  LIBRARY MODULE, NAME : ?PROLOGUE_L09

  SEGMENTS IN THE MODULE
  ======================
CODE
  Relative segment, address: CODE 0000069C - 0000069D (0x2 bytes), align: 1
  Segment part 12.
           ENTRY                   ADDRESS         REF BY
           =====                   =======         ======
           ?PROLOGUE4_L09          0000069C        get_data_ring (main)
                                                   main (main)
                                                   put_data_ring (main)
    -------------------------------------------------------------------------
CODE
  Relative segment, address: CODE 0000069E - 0000069F (0x2 bytes), align: 1
  Segment part 13.            Intra module refs:   ?PROLOGUE4_L09
           ENTRY                   ADDRESS         REF BY
           =====                   =======         ======
           ?PROLOGUE3_L09          0000069E 
    -------------------------------------------------------------------------
CODE
  Relative segment, address: CODE 000006A0 - 000006A1 (0x2 bytes), align: 1
  Segment part 14.            Intra module refs:   ?PROLOGUE3_L09
           ENTRY                   ADDRESS         REF BY
           =====                   =======         ======
           ?PROLOGUE2_L09          000006A0 
    -------------------------------------------------------------------------
CODE
  Relative segment, address: CODE 000006A2 - 000006A3 (0x2 bytes), align: 1
  Segment part 15.            Intra module refs:   ?PROLOGUE2_L09
           ENTRY                   ADDRESS         REF BY
           =====                   =======         ======
           ?PROLOGUE1_L09          000006A2 
    -------------------------------------------------------------------------
CODE
  Relative segment, address: CODE 000006A4 - 000006A5 (0x2 bytes), align: 1
  Segment part 16.            Intra module refs:   ?PROLOGUE1_L09

    -------------------------------------------------------------------------
  LIBRARY MODULE, NAME : ?EPILOGUE_B_L09

  SEGMENTS IN THE MODULE
  ======================
CODE
  Relative segment, address: CODE 000006A6 - 000006A7 (0x2 bytes), align: 1
  Segment part 12.
           ENTRY                   ADDRESS         REF BY
           =====                   =======         ======
           ?EPILOGUE_B4_L09        000006A6        get_data_ring (main)
                                                   put_data_ring (main)
    -------------------------------------------------------------------------
CODE
  Relative segment, address: CODE 000006A8 - 000006A9 (0x2 bytes), align: 1
  Segment part 13.            Intra module refs:   ?EPILOGUE_B4_L09
           ENTRY                   ADDRESS         REF BY
           =====                   =======         ======
           ?EPILOGUE_B3_L09        000006A8 
    -------------------------------------------------------------------------
CODE
  Relative segment, address: CODE 000006AA - 000006AB (0x2 bytes), align: 1
  Segment part 14.            Intra module refs:   ?EPILOGUE_B3_L09
           ENTRY                   ADDRESS         REF BY
           =====                   =======         ======
           ?EPILOGUE_B2_L09        000006AA 
    -------------------------------------------------------------------------
CODE
  Relative segment, address: CODE 000006AC - 000006AD (0x2 bytes), align: 1
  Segment part 15.            Intra module refs:   ?EPILOGUE_B2_L09
           ENTRY                   ADDRESS         REF BY
           =====                   =======         ======
           ?EPILOGUE_B1_L09        000006AC 
    -------------------------------------------------------------------------
CODE
  Relative segment, address: CODE 000006AE - 000006B7 (0xa bytes), align: 1
  Segment part 16.            Intra module refs:   ?EPILOGUE_B1_L09
           ENTRY                   ADDRESS         REF BY
           =====                   =======         ======
           ?EPILOGUE_B0_L09        000006AE 

    -------------------------------------------------------------------------
  LIBRARY MODULE, NAME : ?low_level_init

  SEGMENTS IN THE MODULE
  ======================
CODE
  Relative segment, address: CODE 000006B8 - 000006BB (0x4 bytes), align: 1
  Segment part 3.
           ENTRY                   ADDRESS         REF BY
           =====                   =======         ======
           __low_level_init        000006B8        ?call_low_level_init (?C_STARTUP)

    -------------------------------------------------------------------------
  LIBRARY MODULE, NAME : ?segment_init

  SEGMENTS IN THE MODULE
  ======================
CODE
  Relative segment, address: CODE 000006BC - 000006C7 (0xc bytes), align: 1
  Segment part 3.             Intra module refs:   __segment_init
           LOCAL                   ADDRESS         
           =====                   =======         
           __memclr                000006BC 
    -------------------------------------------------------------------------
CODE
  Relative segment, address: CODE 000006C8 - 000006DB (0x14 bytes), align: 1
  Segment part 4.             Intra module refs:   __segment_init
           LOCAL                   ADDRESS         
           =====                   =======         
           __flashcpy              000006C8 
    -------------------------------------------------------------------------
CODE
  Relative segment, address: CODE 000006DC - 00000731 (0x56 bytes), align: 1
  Segment part 5.
           ENTRY                   ADDRESS         REF BY
           =====                   =======         ======
           __segment_init          000006DC        ?need_segment_init (?C_STARTUP)
               calls direct

    -------------------------------------------------------------------------
  LIBRARY MODULE, NAME : ?__exit

  SEGMENTS IN THE MODULE
  ======================
CODE
  Relative segment, address: CODE 00000732 - 00000733 (0x2 bytes), align: 1
  Segment part 3.
           ENTRY                   ADDRESS         REF BY
           =====                   =======         ======
           __exit                  00000732        Segment part 5 (?_exit)

    *************************************************************************

  DEFINED ABSOLUTE ENTRIES
  PROGRAM MODULE, NAME : ?FILLER_BYTES

  SEGMENTS IN THE MODULE
  ======================
INTVEC
  Common segment, address: CODE 00000000 - 00000083 (0x84 bytes), align: 0
  Segment part 1.
    -------------------------------------------------------------------------
?FILL1
  Relative segment, address: CODE 00000084 - 00000093 (0x10 bytes), align: 0
  Segment part 0.




                ****************************************
                *                                      *
                *      SEGMENTS IN ADDRESS ORDER       *
                *                                      *
                ****************************************


SEGMENT              SPACE    START ADDRESS   END ADDRESS     SIZE  TYPE  ALIGN
=======              =====    =============   ===========     ====  ====  =====
INTVEC               CODE          00000000 - 00000083          84   com    1
?FILL1               CODE          00000084 - 00000093          10   rel    0
CODE                 CODE          00000094 - 00000733         6A0   rel    1
INITTAB              CODE          00000734 - 00000741           E   rel    0
NEAR_ID              CODE          00000742 - 0000076F          2E   rel    0
ABSOLUTE             DATA               0000001F                     rel    0
                     DATA               00000020                   
                     DATA               00000021                   
                     DATA               00000022                   
                     DATA          00000023 - 00000025           3 
                     DATA          0000003F - 00000042           4 
                     DATA          0000004C - 0000004E           3 
                     DATA          000000C8 - 000000C9           2 
                     DATA          000000CC - 000000CE           3 
CSTACK               DATA          00000100 - 0000011F          20   dse    0
RSTACK               DATA          00000120 - 0000013F          20   dse    0
NEAR_I               DATA          00000140 - 0000016D          2E   rel    0
NEAR_Z               DATA          0000016E - 0000019D          30   rel    0

                ****************************************
                *                                      *
                *        END OF CROSS REFERENCE        *
                *                                      *
                ****************************************

 1 888 bytes of CODE memory (+             16 range fill )
   158 bytes of DATA memory (+ 15 absolute )

Errors: none
Warnings: none

