################################################################################
#                                                                              #
#      IAR Universal Linker V6.6.0.102                                         #
#                                                                              #
#           Link time     =  01/Mar/2019  19:51:03                             #
#           Target CPU    =  A90                                               #
#           List file     =  "D:\MyProjects\Personal-projects\AVR projects\ADC #
#                            _2019\Debug\List\ADC_2019.map"                    #
#           Output file 1 =  "D:\MyProjects\Personal-projects\AVR projects\ADC #
#                            _2019\Debug\Exe\ADC_2019.hex"                     #
#                            Format: intel-standard                            #
#           Command line  =  -f                                                #
#                            C:\Users\Y_BYKO~1\AppData\Local\Temp\EW65F8.tmp   #
#                            ("D:\MyProjects\Personal-projects\AVR projects\AD #
#                            C_2019\Debug\Obj\I2C.r90"                         #
#                            "D:\MyProjects\Personal-projects\AVR projects\ADC #
#                            _2019\Debug\Obj\main.r90"                         #
#                            "D:\MyProjects\Personal-projects\AVR projects\ADC #
#                            _2019\Debug\Obj\UART.r90"                         #
#                            "D:\MyProjects\Personal-projects\AVR projects\ADC #
#                            _2019\Debug\Obj\USI_TWI_Master.r90"               #
#                            -o                                                #
#                            "D:\MyProjects\Personal-projects\AVR projects\ADC #
#                            _2019\Debug\Exe\ADC_2019.hex"                     #
#                            -Fintel-standard -l                               #
#                            "D:\MyProjects\Personal-projects\AVR projects\ADC #
#                            _2019\Debug\List\ADC_2019.map"                    #
#                            -xms                                              #
#                            "-IC:\Program Files (x86)\IAR Systems\Embedded Wo #
#                            rkbench 8.0\avr\LIB\"                             #
#                            -f                                                #
#                            "C:\Program Files (x86)\IAR Systems\Embedded Work #
#                            bench 8.0\avr\src\template\cfgtiny85.xcl"         #
#                            (-D_..X_INTVEC_SIZE=1E -D_..X_FLASH_END=1FFF      #
#                            -D_..X_SRAM_BASE=60 -D_..X_SRAM_TBASE=60          #
#                            -D_..X_SRAM_TSIZE=A0 -D_..X_SRAM_END=25F          #
#                            -D_..X_EXT_SRAM_BASE=_..X_SRAM_END                #
#                            -D_..X_EXT_SRAM_SIZE=0                            #
#                            -D_..X_EXT_ROM_BASE=_..X_SRAM_END                 #
#                            -D_..X_EXT_ROM_SIZE=0                             #
#                            -D_..X_EXT_NV_BASE=_..X_SRAM_END                  #
#                            -D_..X_EXT_NV_SIZE=0 -D_..X_EEPROM_START=0        #
#                            -D_..X_EEPROM_END=1FF) -D_..X_HEAP_SIZE=0         #
#                            -D_..X_TINY_HEAP_SIZE=10                          #
#                            -D_..X_NEAR_HEAP_SIZE=20 -D_..X_FAR_HEAP_SIZE=0   #
#                            -D_..X_HUGE_HEAP_SIZE=0 -D_..X_CSTACK_SIZE=20     #
#                            -D_..X_RSTACK_SIZE=20                             #
#                            -D_..X_FLASH_CODE_END=_..X_FLASH_END -f           #
#                            "C:\Program Files (x86)\IAR Systems\Embedded Work #
#                            bench 8.0\avr\src\template\cfg1toim.xcl"          #
#                            (-ca90 -w29                                       #
#                            -Z(CODE)INTVEC=0-(_..X_INTVEC_SIZE-1)             #
#                            -Z(CODE)TINY_F=_..X_FLASH_BASE-FF                 #
#                            -Z(CODE)NEAR_F=_..X_FLASH_BASE-_..X_FLASH_END     #
#                            -Z(CODE)SWITCH=_..X_FLASH_BASE-_..X_FLASH_END     #
#                            -Z(CODE)INITTAB=_..X_FLASH_BASE-_..X_FLASH_END    #
#                            -Z(CODE)DIFUNCT=_..X_FLASH_BASE-_..X_FLASH_END    #
#                            -Z(CODE)CODE=_..X_FLASH_BASE-_..X_FLASH_END       #
#                            -Z(CODE)TINY_ID=_..X_FLASH_BASE-_..X_FLASH_END    #
#                            -Z(CODE)NEAR_ID=_..X_FLASH_BASE-_..X_FLASH_END    #
#                            -Z(CODE)CHECKSUM#_..X_FLASH_END                   #
#                            -Z(DATA)TINY_I,TINY_Z,TINY_N=_..X_SRAM_TBASE:+_.. #
#                            X_SRAM_TSIZE                                      #
#                            -Z(DATA)CSTACK+_..X_CSTACK_SIZE=_..X_SRAM_TBASE:+ #
#                            _..X_SRAM_TSIZE                                   #
#                            -Z(DATA)HEAP+_..X_HEAP_SIZE=_..X_SRAM_TBASE:+_..X #
#                            _SRAM_TSIZE                                       #
#                            -Z(DATA)IOSTREAM_N#_..X_SRAM_TBASE:+_..X_SRAM_TSI #
#                            ZE                                                #
#                            -Z(DATA)TINY_HEAP+_..X_TINY_HEAP_SIZE=_..X_SRAM_T #
#                            BASE:+_..X_SRAM_TSIZE                             #
#                            -Z(DATA)RSTACK+_..X_RSTACK_SIZE=_..X_RSTACK_BASE- #
#                            _..X_RSTACK_END                                   #
#                            -Z(DATA)NEAR_I,NEAR_Z=_..X_SRAM_BASE-_..X_SRAM_EN #
#                            D                                                 #
#                            -Z(DATA)NEAR_HEAP+_..X_NEAR_HEAP_SIZE=_..X_SRAM_B #
#                            ASE-_..X_SRAM_END                                 #
#                            -Z(DATA)NEAR_N=_..X_SRAM_BASE-_..X_SRAM_END       #
#                            -Z(XDATA)EEPROM_I,EEPROM_N=_..X_EEPROM_START-_..X #
#                            _EEPROM_END)                                      #
#                            -D_..X_FLASH_BASE=_..X_INTVEC_SIZE                #
#                            -h'1895'(CODE)0-(_..X_INTVEC_SIZE-1)              #
#                            --global_fill -D_..X_RSTACK_BASE=_..X_SRAM_BASE   #
#                            -D_..X_RSTACK_END=_..X_SRAM_END -s                #
#                            __program_start                                   #
#                            "C:\Program Files (x86)\IAR Systems\Embedded Work #
#                            bench 8.0\avr\LIB\DLIB\dlAVR-1t-ec_nomul-n.r90")  #
#                                                                              #
#                           Copyright (C) 1987-2018 IAR Systems AB.            #
################################################################################





                ****************************************
                *                                      *
                *           CROSS REFERENCE            *
                *                                      *
                ****************************************

       Program entry at : CODE      00000246  Relocatable, from module : ?C_STARTUP




                ****************************************
                *                                      *
                *            RUNTIME MODEL             *
                *                                      *
                ****************************************

  R10                        = REG
  R11                        = REG
  R4                         = REG
  R5                         = REG
  R6                         = REG
  R7                         = REG
  R8                         = REG
  R9                         = REG
  __64bit_doubles            = disabled
  __Heap_Handler             = Basic
  __SystemLibrary            = DLib
  __cpu                      = 1
  __cpu_name                 = ATtiny85
  __dlib_file_descriptor     = 0
  __dlib_full_locale_support = 0
  __enhanced_core            = enabled
  __has_elpm                 = false
  __memory_model             = 1
  __rt_version               = 3
  __tiny_avr                 = false
  __vtable_memory            = __tinyflash

                ****************************************
                *                                      *
                *    AUTOMATIC SYMBOL REDIRECTIONS     *
                *                                      *
                ****************************************

                  There are no automatic symbol redirections.



                ****************************************
                *                                      *
                *              MODULE MAP              *
                *                                      *
                ****************************************


  DEFINED ABSOLUTE ENTRIES
  PROGRAM MODULE, NAME : ?ABS_ENTRY_MOD

Absolute parts
           ENTRY                   ADDRESS         REF BY
           =====                   =======         ======
           _..X_RSTACK_END         0000025F 
           _..X_RSTACK_BASE        00000060 
           _..X_FLASH_BASE         0000001E 
           _..X_FLASH_CODE_END     00001FFF 
           _..X_RSTACK_SIZE        00000020 
           _..X_CSTACK_SIZE        00000020 
           _..X_HUGE_HEAP_SIZE     00000000 
           _..X_FAR_HEAP_SIZE      00000000 
           _..X_NEAR_HEAP_SIZE     00000020 
           _..X_TINY_HEAP_SIZE     00000010 
           _..X_HEAP_SIZE          00000000 
           _..X_EEPROM_END         000001FF 
           _..X_EEPROM_START       00000000 
           _..X_EXT_NV_SIZE        00000000 
           _..X_EXT_NV_BASE        0000025F 
           _..X_EXT_ROM_SIZE       00000000 
           _..X_EXT_ROM_BASE       0000025F 
           _..X_EXT_SRAM_SIZE      00000000 
           _..X_EXT_SRAM_BASE      0000025F 
           _..X_SRAM_END           0000025F 
           _..X_SRAM_TSIZE         000000A0 
           _..X_SRAM_TBASE         00000060 
           _..X_SRAM_BASE          00000060 
           _..X_FLASH_END          00001FFF 
           _..X_INTVEC_SIZE        0000001E 
    *************************************************************************

  FILE NAME : D:\MyProjects\Personal-projects\AVR projects\ADC_2019\Debug\Obj\I2C.r90
  PROGRAM MODULE, NAME : I2C

  SEGMENTS IN THE MODULE
  ======================
CODE
  Relative segment, address: CODE 0000002A - 00000033 (0xa bytes), align: 1
  Segment part 8.             Intra module refs:   I2C_bit_interval::??INTVEC 20
           ENTRY                   ADDRESS         REF BY
           =====                   =======         ======
           I2C_bit_interval        0000002A 
               interrupt function
    -------------------------------------------------------------------------
ABSOLUTE
  Relative segment, address: DATA 0000001C, align: 0
  Segment part 1. ROOT 
           ENTRY                   ADDRESS         REF BY
           =====                   =======         ======
           __?EECR                 0000001C 
    -------------------------------------------------------------------------
ABSOLUTE
  Relative segment, address: DATA 0000001D, align: 0
  Segment part 2. ROOT 
           ENTRY                   ADDRESS         REF BY
           =====                   =======         ======
           __?EEDR                 0000001D 
    -------------------------------------------------------------------------
ABSOLUTE
  Relative segment, address: DATA 0000001E, align: 0
  Segment part 3. ROOT 
           ENTRY                   ADDRESS         REF BY
           =====                   =======         ======
           __?EEARL                0000001E 
    -------------------------------------------------------------------------
ABSOLUTE
  Relative segment, address: DATA 0000001F, align: 0
  Segment part 4. ROOT 
           ENTRY                   ADDRESS         REF BY
           =====                   =======         ======
           __?EEARH                0000001F 
    -------------------------------------------------------------------------
INTVEC
  Common segment, address: CODE 00000000 - 00000015 (0x16 bytes), align: 1
  Segment part 5. ROOT 
           ENTRY                   ADDRESS         REF BY
           =====                   =======         ======
           I2C_bit_interval::??INTVEC 20
                                   00000014 

    *************************************************************************

  FILE NAME : D:\MyProjects\Personal-projects\AVR projects\ADC_2019\Debug\Obj\main.r90
  PROGRAM MODULE, NAME : main

  SEGMENTS IN THE MODULE
  ======================
CODE
  Relative segment, address: CODE 00000034 - 0000004B (0x18 bytes), align: 1
  Segment part 9.             Intra module refs:   main
           ENTRY                   ADDRESS         REF BY
           =====                   =======         ======
           convert_I2C_ADC_code_to_mV_value
                                   00000034 
    -------------------------------------------------------------------------
CODE
  Relative segment, address: CODE 0000004C - 0000006D (0x22 bytes), align: 1
  Segment part 10.            Intra module refs:   main
           ENTRY                   ADDRESS         REF BY
           =====                   =======         ======
           I2C_check_status        0000004C 
               calls direct
    -------------------------------------------------------------------------
CODE
  Relative segment, address: CODE 0000006E - 00000087 (0x1a bytes), align: 1
  Segment part 11.            Intra module refs:   main
           ENTRY                   ADDRESS         REF BY
           =====                   =======         ======
           I2C_start_convertation
                                   0000006E 
               calls direct
    -------------------------------------------------------------------------
CODE
  Relative segment, address: CODE 00000088 - 000000BD (0x36 bytes), align: 1
  Segment part 12.
           ENTRY                   ADDRESS         REF BY
           =====                   =======         ======
           main                    00000088        ?cstartup_call_main (?C_STARTUP)
               calls direct
    -------------------------------------------------------------------------
INITTAB
  Relative segment, address: CODE 0000001E - 00000023 (0x6 bytes), align: 0
  Segment part 8.             Intra module refs:   UART (UART)
                                                   USI_TWI_state (USI_TWI_Master)
           ENTRY                   ADDRESS         REF BY
           =====                   =======         ======
           ?<Segment init: TINY_Z>
                                   0000001E 

    *************************************************************************

  FILE NAME : D:\MyProjects\Personal-projects\AVR projects\ADC_2019\Debug\Obj\UART.r90
  PROGRAM MODULE, NAME : UART

  SEGMENTS IN THE MODULE
  ======================
ABSOLUTE
  Relative segment, address: DATA 00000059 - 00000059 (0x1 bytes), align: 0
  Segment part 1. ROOT 
           ENTRY                   ADDRESS         REF BY
           =====                   =======         ======
           _A_TIMSK                00000059 
           LOCAL                   ADDRESS         
           =====                   =======         
           TIMSK                   00000059 
    -------------------------------------------------------------------------
ABSOLUTE
  Relative segment, address: DATA 00000050 - 00000050 (0x1 bytes), align: 0
  Segment part 2. ROOT 
           ENTRY                   ADDRESS         REF BY
           =====                   =======         ======
           _A_TCCR1                00000050 
           LOCAL                   ADDRESS         
           =====                   =======         
           TCCR1                   00000050 
    -------------------------------------------------------------------------
ABSOLUTE
  Relative segment, address: DATA 0000004F - 0000004F (0x1 bytes), align: 0
  Segment part 3. ROOT 
           ENTRY                   ADDRESS         REF BY
           =====                   =======         ======
           _A_TCNT1                0000004F 
           LOCAL                   ADDRESS         
           =====                   =======         
           TCNT1                   0000004F 
    -------------------------------------------------------------------------
ABSOLUTE
  Relative segment, address: DATA 0000004E - 0000004E (0x1 bytes), align: 0
  Segment part 4. ROOT        Intra module refs:   UART_init
           ENTRY                   ADDRESS         REF BY
           =====                   =======         ======
           _A_OCR1A                0000004E 
           LOCAL                   ADDRESS         
           =====                   =======         
           OCR1A                   0000004E 
    -------------------------------------------------------------------------
ABSOLUTE
  Relative segment, address: DATA 0000004D - 0000004D (0x1 bytes), align: 0
  Segment part 5. ROOT        Intra module refs:   UART_init
           ENTRY                   ADDRESS         REF BY
           =====                   =======         ======
           _A_OCR1C                0000004D 
           LOCAL                   ADDRESS         
           =====                   =======         
           OCR1C                   0000004D 
    -------------------------------------------------------------------------
ABSOLUTE
  Relative segment, address: DATA 00000038 - 00000038 (0x1 bytes), align: 0
  Segment part 6. ROOT        Intra module refs:   UART_init
                                                   USI_TWI_Master_Initialise (USI_TWI_Master)
                                                   USI_TWI_Master_Stop (USI_TWI_Master)
                                                   USI_TWI_Start_Transceiver_With_Data (USI_TWI_Master)
           ENTRY                   ADDRESS         REF BY
           =====                   =======         ======
           _A_PORTB                00000038 
           LOCAL                   ADDRESS         
           =====                   =======         
           PORTB                   00000038 
    -------------------------------------------------------------------------
ABSOLUTE
  Relative segment, address: DATA 00000037 - 00000037 (0x1 bytes), align: 0
  Segment part 7. ROOT        Intra module refs:   UART_init
                                                   USI_TWI_Master_Initialise (USI_TWI_Master)
                                                   USI_TWI_Master_Transfer (USI_TWI_Master)
                                                   USI_TWI_Start_Transceiver_With_Data (USI_TWI_Master)
           ENTRY                   ADDRESS         REF BY
           =====                   =======         ======
           _A_DDRB                 00000037 
           LOCAL                   ADDRESS         
           =====                   =======         
           DDRB                    00000037 
    -------------------------------------------------------------------------
TINY_Z
  Relative segment, address: DATA 00000062 - 00000065 (0x4 bytes), align: 0
  Segment part 15.            Intra module refs:   UART_bit_interval
                                                   UART_init
           LOCAL                   ADDRESS         
           =====                   =======         
           UART                    00000062 
    -------------------------------------------------------------------------
CODE
  Relative segment, address: CODE 000000BE - 000000D1 (0x14 bytes), align: 1
  Segment part 20.            Intra module refs:   UART_bit_interval::??INTVEC 6
           ENTRY                   ADDRESS         REF BY
           =====                   =======         ======
           UART_bit_interval       000000BE 
               interrupt function
    -------------------------------------------------------------------------
CODE
  Relative segment, address: CODE 000000D2 - 00000127 (0x56 bytes), align: 1
  Segment part 21.
           ENTRY                   ADDRESS         REF BY
           =====                   =======         ======
           UART_init               000000D2        main (main)
               calls direct
    -------------------------------------------------------------------------
TINY_I
  Relative segment, address: DATA 00000060 - 00000061 (0x2 bytes), align: 0
  Segment part 17.            Intra module refs:   UART_init
           LOCAL                   ADDRESS         
           =====                   =======         
           UART_init{1}{2}{3}::prescaler
                                   00000060 
    -------------------------------------------------------------------------
INTVEC
  Common segment, address: CODE 00000000 - 00000007 (0x8 bytes), align: 1
  Segment part 12. ROOT 
           ENTRY                   ADDRESS         REF BY
           =====                   =======         ======
           UART_bit_interval::??INTVEC 6
                                   00000006 
    -------------------------------------------------------------------------
TINY_ID
  Relative segment, address: CODE 00000300 - 00000301 (0x2 bytes), align: 0
  Segment part 18.            Intra module refs:   UART_init{1}{2}{3}::prescaler
    -------------------------------------------------------------------------
INITTAB
  Relative segment, address: CODE 00000024 - 00000029 (0x6 bytes), align: 0
  Segment part 19.            Intra module refs:   UART_init{1}{2}{3}::prescaler
           ENTRY                   ADDRESS         REF BY
           =====                   =======         ======
           ?<Segment init: TINY_I>
                                   00000024 

    *************************************************************************

  FILE NAME : D:\MyProjects\Personal-projects\AVR projects\ADC_2019\Debug\Obj\USI_TWI_Master.r90
  PROGRAM MODULE, NAME : USI_TWI_Master

  SEGMENTS IN THE MODULE
  ======================
ABSOLUTE
  Relative segment, address: DATA 00000036 - 00000036 (0x1 bytes), align: 0
  Segment part 3. ROOT        Intra module refs:   USI_TWI_Master_Stop
                                                   USI_TWI_Master_Transfer
                                                   USI_TWI_Start_Transceiver_With_Data
           ENTRY                   ADDRESS         REF BY
           =====                   =======         ======
           _A_PINB                 00000036 
           LOCAL                   ADDRESS         
           =====                   =======         
           PINB                    00000036 
    -------------------------------------------------------------------------
ABSOLUTE
  Relative segment, address: DATA 0000002F - 0000002F (0x1 bytes), align: 0
  Segment part 4. ROOT        Intra module refs:   USI_TWI_Master_Initialise
                                                   USI_TWI_Master_Transfer
                                                   USI_TWI_Start_Transceiver_With_Data
           ENTRY                   ADDRESS         REF BY
           =====                   =======         ======
           _A_USIDR                0000002F 
           LOCAL                   ADDRESS         
           =====                   =======         
           USIDR                   0000002F 
    -------------------------------------------------------------------------
ABSOLUTE
  Relative segment, address: DATA 0000002E - 0000002E (0x1 bytes), align: 0
  Segment part 5. ROOT        Intra module refs:   USI_TWI_Master_Initialise
                                                   USI_TWI_Master_Transfer
           ENTRY                   ADDRESS         REF BY
           =====                   =======         ======
           _A_USISR                0000002E 
           LOCAL                   ADDRESS         
           =====                   =======         
           USISR                   0000002E 
    -------------------------------------------------------------------------
ABSOLUTE
  Relative segment, address: DATA 0000002D - 0000002D (0x1 bytes), align: 0
  Segment part 6. ROOT        Intra module refs:   USI_TWI_Master_Initialise
                                                   USI_TWI_Master_Transfer
           ENTRY                   ADDRESS         REF BY
           =====                   =======         ======
           _A_USICR                0000002D 
           LOCAL                   ADDRESS         
           =====                   =======         
           USICR                   0000002D 
    -------------------------------------------------------------------------
TINY_Z
  Relative segment, address: DATA 00000066 - 00000066 (0x1 bytes), align: 0
  Segment part 13.            Intra module refs:   USI_TWI_Start_Transceiver_With_Data
           ENTRY                   ADDRESS         REF BY
           =====                   =======         ======
           USI_TWI_state           00000066 
    -------------------------------------------------------------------------
CODE
  Relative segment, address: CODE 00000128 - 0000013D (0x16 bytes), align: 1
  Segment part 15.
           ENTRY                   ADDRESS         REF BY
           =====                   =======         ======
           USI_TWI_Master_Initialise
                                   00000128        main (main)
    -------------------------------------------------------------------------
CODE
  Relative segment, address: CODE 0000013E - 00000159 (0x1c bytes), align: 1
  Segment part 17.            Intra module refs:   USI_TWI_Start_Transceiver_With_Data
           ENTRY                   ADDRESS         REF BY
           =====                   =======         ======
           USI_TWI_Master_Stop     0000013E 
    -------------------------------------------------------------------------
CODE
  Relative segment, address: CODE 0000015A - 00000189 (0x30 bytes), align: 1
  Segment part 18.            Intra module refs:   USI_TWI_Start_Transceiver_With_Data
           ENTRY                   ADDRESS         REF BY
           =====                   =======         ======
           USI_TWI_Master_Transfer
                                   0000015A 
    -------------------------------------------------------------------------
CODE
  Relative segment, address: CODE 0000018A - 00000243 (0xba bytes), align: 1
  Segment part 19.
           ENTRY                   ADDRESS         REF BY
           =====                   =======         ======
           USI_TWI_Start_Transceiver_With_Data
                                   0000018A        I2C_check_status (main)
                                                   I2C_start_convertation (main)
               calls direct

    *************************************************************************

  FILE NAME : C:\Program Files (x86)\IAR Systems\Embedded Workbench 8.0\avr\LIB\DLIB\dlAVR-1t-ec_nomul-n.r90
  LIBRARY MODULE, NAME : ?_exit

  SEGMENTS IN THE MODULE
  ======================
CODE
  Relative segment, address: CODE 00000244, align: 1
  Segment part 0.
           ENTRY                   ADDRESS         REF BY
           =====                   =======         ======
           _exit                   00000244        ?cstartup_call_main (?C_STARTUP)
                                                   exit (?exit)
    -------------------------------------------------------------------------
CODE
  Relative segment, address: CODE 00000244 - 00000245 (0x2 bytes), align: 1
  Segment part 5.             Intra module refs:   _exit

    -------------------------------------------------------------------------
  LIBRARY MODULE, NAME : ?RESET

  SEGMENTS IN THE MODULE
  ======================
INTVEC
  Common segment, address: CODE 00000000 - 00000001 (0x2 bytes), align: 1
  Segment part 0. ROOT 
           ENTRY                   ADDRESS         REF BY
           =====                   =======         ======
           ?RESET                  00000000        Segment part 2 (?C_STARTUP)

    -------------------------------------------------------------------------
  LIBRARY MODULE, NAME : ?C_STARTUP

  SEGMENTS IN THE MODULE
  ======================
CODE
  Relative segment, address: CODE 00000246, align: 1
  Segment part 2.
           ENTRY                   ADDRESS         REF BY
           =====                   =======         ======
           __program_start         00000246        Absolute parts (?ABS_ENTRY_MOD)
           ?C_STARTUP              00000246        ?RESET (?RESET)
           __RESTART               00000246 
    -------------------------------------------------------------------------
CODE
  Relative segment, address: CODE 00000246 - 00000251 (0xc bytes), align: 1
  Segment part 5.             Intra module refs:   Segment part 2
    -------------------------------------------------------------------------
CODE
  Relative segment, address: CODE 00000252 - 00000253 (0x2 bytes), align: 1
  Segment part 7.             Intra module refs:   Segment part 5
           ENTRY                   ADDRESS         REF BY
           =====                   =======         ======
           ?call_low_level_init    00000252 
    -------------------------------------------------------------------------
CODE
  Relative segment, address: CODE 00000254 - 00000259 (0x6 bytes), align: 1
  Segment part 8.
           ENTRY                   ADDRESS         REF BY
           =====                   =======         ======
           ?need_segment_init      00000254        ?<Segment init: TINY_I> (UART)
                                                   ?<Segment init: TINY_Z> (main)
    -------------------------------------------------------------------------
CODE
  Relative segment, address: CODE 0000025A - 0000025F (0x6 bytes), align: 1
  Segment part 11.            Intra module refs:   ?call_low_level_init
           ENTRY                   ADDRESS         REF BY
           =====                   =======         ======
           ?cstartup_call_main     0000025A 

    -------------------------------------------------------------------------
  LIBRARY MODULE, NAME : ?exit

  SEGMENTS IN THE MODULE
  ======================
CODE
  Relative segment, address: CODE 00000260 - 00000261 (0x2 bytes), align: 1
  Segment part 3.
           ENTRY                   ADDRESS         REF BY
           =====                   =======         ======
           exit                    00000260        ?cstartup_call_main (?C_STARTUP)
               calls direct

    -------------------------------------------------------------------------
  LIBRARY MODULE, NAME : ?US_DIVMOD_L02

  SEGMENTS IN THE MODULE
  ======================
CODE
  Relative segment, address: CODE 00000262 - 00000267 (0x6 bytes), align: 1
  Segment part 1.
           ENTRY                   ADDRESS         REF BY
           =====                   =======         ======
           ?US_DIVMOD_L02          00000262        UART_init (UART)
    -------------------------------------------------------------------------
CODE
  Relative segment, address: CODE 00000268 - 00000287 (0x20 bytes), align: 1
  Segment part 3.             Intra module refs:   ?US_DIVMOD_L02

    -------------------------------------------------------------------------
  LIBRARY MODULE, NAME : ?MOVE_LONG_L07

  SEGMENTS IN THE MODULE
  ======================
CODE
  Relative segment, address: CODE 00000288 - 00000297 (0x10 bytes), align: 1
  Segment part 8.
           ENTRY                   ADDRESS         REF BY
           =====                   =======         ======
           ?LONG_FARG_16_L07       00000288        main (main)

    -------------------------------------------------------------------------
  LIBRARY MODULE, NAME : ?PROLOGUE_L09

  SEGMENTS IN THE MODULE
  ======================
CODE
  Relative segment, address: CODE 00000298 - 00000299 (0x2 bytes), align: 1
  Segment part 14.
           ENTRY                   ADDRESS         REF BY
           =====                   =======         ======
           ?PROLOGUE2_L09          00000298        UART_init (UART)
    -------------------------------------------------------------------------
CODE
  Relative segment, address: CODE 0000029A - 0000029B (0x2 bytes), align: 1
  Segment part 15.            Intra module refs:   ?PROLOGUE2_L09
           ENTRY                   ADDRESS         REF BY
           =====                   =======         ======
           ?PROLOGUE1_L09          0000029A 
    -------------------------------------------------------------------------
CODE
  Relative segment, address: CODE 0000029C - 0000029D (0x2 bytes), align: 1
  Segment part 16.            Intra module refs:   ?PROLOGUE1_L09

    -------------------------------------------------------------------------
  LIBRARY MODULE, NAME : ?EPILOGUE_B_L09

  SEGMENTS IN THE MODULE
  ======================
CODE
  Relative segment, address: CODE 0000029E - 0000029F (0x2 bytes), align: 1
  Segment part 14.
           ENTRY                   ADDRESS         REF BY
           =====                   =======         ======
           ?EPILOGUE_B2_L09        0000029E        UART_init (UART)
    -------------------------------------------------------------------------
CODE
  Relative segment, address: CODE 000002A0 - 000002A1 (0x2 bytes), align: 1
  Segment part 15.            Intra module refs:   ?EPILOGUE_B2_L09
           ENTRY                   ADDRESS         REF BY
           =====                   =======         ======
           ?EPILOGUE_B1_L09        000002A0 
    -------------------------------------------------------------------------
CODE
  Relative segment, address: CODE 000002A2 - 000002AB (0xa bytes), align: 1
  Segment part 16.            Intra module refs:   ?EPILOGUE_B1_L09
           ENTRY                   ADDRESS         REF BY
           =====                   =======         ======
           ?EPILOGUE_B0_L09        000002A2 

    -------------------------------------------------------------------------
  LIBRARY MODULE, NAME : ?low_level_init

  SEGMENTS IN THE MODULE
  ======================
CODE
  Relative segment, address: CODE 000002AC - 000002AF (0x4 bytes), align: 1
  Segment part 3.
           ENTRY                   ADDRESS         REF BY
           =====                   =======         ======
           __low_level_init        000002AC        ?call_low_level_init (?C_STARTUP)

    -------------------------------------------------------------------------
  LIBRARY MODULE, NAME : ?segment_init

  SEGMENTS IN THE MODULE
  ======================
CODE
  Relative segment, address: CODE 000002B0 - 000002BB (0xc bytes), align: 1
  Segment part 3.             Intra module refs:   __segment_init
           LOCAL                   ADDRESS         
           =====                   =======         
           __memclr                000002B0 
    -------------------------------------------------------------------------
CODE
  Relative segment, address: CODE 000002BC - 000002C9 (0xe bytes), align: 1
  Segment part 4.             Intra module refs:   __segment_init
           LOCAL                   ADDRESS         
           =====                   =======         
           __flashcpy              000002BC 
    -------------------------------------------------------------------------
CODE
  Relative segment, address: CODE 000002CA - 000002FD (0x34 bytes), align: 1
  Segment part 5.
           ENTRY                   ADDRESS         REF BY
           =====                   =======         ======
           __segment_init          000002CA        ?need_segment_init (?C_STARTUP)
               calls direct

    -------------------------------------------------------------------------
  LIBRARY MODULE, NAME : ?__exit

  SEGMENTS IN THE MODULE
  ======================
CODE
  Relative segment, address: CODE 000002FE - 000002FF (0x2 bytes), align: 1
  Segment part 3.
           ENTRY                   ADDRESS         REF BY
           =====                   =======         ======
           __exit                  000002FE        Segment part 5 (?_exit)

    *************************************************************************

  DEFINED ABSOLUTE ENTRIES
  PROGRAM MODULE, NAME : ?FILLER_BYTES

  SEGMENTS IN THE MODULE
  ======================
INTVEC
  Common segment, address: CODE 00000000 - 00000015 (0x16 bytes), align: 0
  Segment part 1.
    -------------------------------------------------------------------------
?FILL1
  Relative segment, address: CODE 00000016 - 0000001D (0x8 bytes), align: 0
  Segment part 0.




                ****************************************
                *                                      *
                *      SEGMENTS IN ADDRESS ORDER       *
                *                                      *
                ****************************************


SEGMENT              SPACE    START ADDRESS   END ADDRESS     SIZE  TYPE  ALIGN
=======              =====    =============   ===========     ====  ====  =====
INTVEC               CODE          00000000 - 00000015          16   com    1
?FILL1               CODE          00000016 - 0000001D           8   rel    0
INITTAB              CODE          0000001E - 00000029           C   rel    0
CODE                 CODE          0000002A - 000002FF         2D6   rel    1
TINY_ID              CODE          00000300 - 00000301           2   rel    0
ABSOLUTE             DATA               0000001C                     rel    0
                     DATA               0000001D                   
                     DATA               0000001E                   
                     DATA               0000001F                   
                     DATA          0000002D - 0000002F           3 
                     DATA          00000036 - 00000038           3 
                     DATA          0000004D - 00000050           4 
                     DATA          00000059 - 00000059           1 
TINY_I               DATA          00000060 - 00000061           2   rel    0
TINY_Z               DATA          00000062 - 00000066           5   rel    0
CSTACK               DATA          00000067 - 00000086          20   dse    0
RSTACK               DATA          00000087 - 000000A6          20   dse    0

                ****************************************
                *                                      *
                *        END OF CROSS REFERENCE        *
                *                                      *
                ****************************************

 762 bytes of CODE memory (+             8 range fill )
  71 bytes of DATA memory (+ 11 absolute )

Errors: none
Warnings: none

